Renesas Optimizing Linker (V3.05.00 )             04-Mar-2025 16:44:44

*** Options ***

-MAKEUD=DefaultBuild\rl78EPL80.lk.ud
-subcommand=Output\rl78EPL80.clnk
-Input=Output\dMisc.obj
-Input=Output\cstart.obj
-Input=Output\hdwinit.obj
-Input=Output\stkinit.obj
-Input=Output\main.obj
-Input=Output\dDisplay.obj
-Input=Output\AppDisplay.obj
-Input=Output\AppVariables.obj
-Input=Output\dClock.obj
-Input=Output\AppPowerOnInit.obj
-Input=Output\d8bitTimer.obj
-Input=Output\dRtc.obj
-Input=Output\AppMisc.obj
-Input=Output\di2c.obj
-Input=Output\dIOCtrl.obj
-Input=Output\dUart.obj
-Input=Output\d12bitTimer.obj
-Input=Output\dDeltaSigmaADC.obj
-Input=Output\AppOneSecondTask.obj
-Input=Output\AppBilling.obj
-Input=Output\AppMD.obj
-Input=Output\AppScheduleAction.obj
-Input=Output\AppTod.obj
-Input=Output\AppBlockDailyLS.obj
-Input=Output\AppCalibration.obj
-Input=Output\AppCommunication.obj
-Input=Output\AppIntervalkWh.obj
-Input=Output\r_dlms_data.obj
-Input=Output\r_dlms_data_hls.obj
-Input=Output\r_dlms_data_ic.obj
-Input=Output\r_dlms_data_meter.obj
-Input=Output\r_dlms_user_interface.obj
-Input=Output\r_dlms_obis.obj
-Input=Output\r_dlms_obis_ic.obj
-Input=Output\serial.obj
-Input=Output\Timer.obj
-Input=Output\DLMS_User.obj
-Input=Output\AppTampers.obj
-Input=Output\AppBatteryManagement.obj
-Input=Output\dWatchDog.obj
-Input=Output\dVBat.obj
-Input=Output\dLVD.obj
-Input=Output\AppNMTask.obj
-Input=Output\AppProductionProcess.obj
-Input=Output\AppParaLimits.obj
-Input=Output\AppDefaultSet.obj
-Input=Output\BootResetVTable.obj
-Input=Output\dOsd.obj
-Input=Output\AppHarmonics.obj
-Input=Output\dDCImmunity.obj
-Input=Output\AppCustomerProtocol.obj
-Input=Output\AppUpdateComments.obj
-LIBrary=rlDlms\meter_app\aes\AES_128_EBC_CCRL.lib
-LIBrary=rlDlms\Lib\DLMSLib_RL78_V0.8.9_Common_IndiaSupport_CCRL_V106_AutoNoFar_OptimizeCode.lib
-LIBrary=rlDevice\DCImmunity\ccrl_rl78i1c_sw_dc_detection_only.lib
-SECURITY_ID=00000000000000000000
-DEVICE=C:\Program Files (x86)\Renesas Electronics\CS+\CC\Device\RL78\Devicefile\DR5F11TLG.DVF
-DEBug
-NOCOmpress
-NOOPtimize
-OUtput=DefaultBuild\rl78EPL80.abs
-LIBrary=C:\Program Files (x86)\Renesas Electronics\CS+\CC\CC-RL\V1.12.00\lib\rl78em4s.lib
-LIBrary=C:\Program Files (x86)\Renesas Electronics\CS+\CC\CC-RL\V1.12.00\lib\malloc_n.lib
-LIBrary=C:\Program Files (x86)\Renesas Electronics\CS+\CC\CC-RL\V1.12.00\lib\rl78em4r.lib
-OCDBG=84
-DEBUG_MONITOR
-USER_OPT_BYTE=FE5FE2
-LISt=DefaultBuild\rl78EPL80.map
-SHow=SYmbol,Reference,Xreference,Total_size,VECTOR,STRUCT,RELOCATION_ATTRIBUTE
-STARt=.const,.text,.RLIB,.SLIB,.textf,.constf,.data,.sdata/03000,.dataR,.bss/FDF00,.sdataR,.sbss/FFE20
-ROm=.data=.dataR
-ROm=.sdata=.sdataR
-NOMessage
-NOLOgo
-end

*** Error information ***

*** Mapping List ***

SECTION                            START      END         SIZE   ALIGN ATTRIBUTE
.vect
                                  00000000  0000007f        80   0     OTHER
.option_byte
                                  000000c0  000000c3         4   1     OPT_BYTE
.security_id
                                  000000c4  000000cd         a   1     SECUR_ID
.monitor1
                                  000000ce  000000d7         a   1     DATA_AT
DEFAULT_SET_AT400
                                  00000400  00000535       136   1     TEXT_AT
BOOT_VTABLE_AT1000
                                  00001000  00002fff      2000   1     TEXT_AT
.const
                                  00003000  00005551      2552   2     CONST
.text
                                  00005552  00005db0       85f   1     TEXT
.RLIB
                                  00005db1  000067a7       9f7   1     TEXTF
.SLIB
                                  000067a8  00006f15       76e   1     TEXTF
.textf
                                  00006f16  0001f56e     18659   1     TEXTF
.constf
                                  0001f570  0001f5af        40   2     CONSTF
.data
                                  0001f5b0  0001f969       3ba   2     DATA
.sdata
                                  0001f96a  0001f96a         0   2     SDATA
.monitor2
                                  0001fe00  0001ffff       200   1     DATA_AT
.dataR
                                  000fdf00  000fe2b9       3ba   2     DATA(R)
.bss
                                  000fe2ba  000ff2cd      1014   2     BSS
.sdataR
                                  000ffe20  000ffe20         0   2     SDATA(R)
.sbss
                                  000ffe20  000ffe20         0   2     SBSS

*** Total Section Size ***

RAMDATA SECTION:  000013ce Byte(s)
ROMDATA SECTION:  00002be4 Byte(s)
PROGRAM SECTION:  0001c153 Byte(s)

*** Symbol List ***

SECTION=
FILE=                               START        END    SIZE
  SYMBOL                            ADDR        SIZE    INFO      COUNTS  OPT
    STRUCT                                      SIZE
      MEMBER                        ADDR        SIZE    INFO

SECTION=.vect
FILE=rlink_generates_04
                                  00000000  0000007f        80

SECTION=.option_byte
FILE=rlink_generates_01
                                  000000c0  000000c3         4

SECTION=.security_id
FILE=rlink_generates_03
                                  000000c4  000000cd         a

SECTION=.monitor1
FILE=rlink_generates_02
                                  000000ce  000000d7         a

SECTION=DEFAULT_SET_AT400
FILE=Output\AppDefaultSet.obj
                                  00000400  00000535       136
  FLASH_FW_VERSION
                                  00000400         0   none ,l         0
  FLASH_NO_OF_CATEGORY
                                  00000410         0   none ,l         0
  FLASH_PRE_BILL_SINGLE_ACTION
                                  00000411         0   none ,l         0
  FLASH_PASSIVE_SEA_ACT_TIME
                                  00000417         0   none ,l         0
  FLASH_MD_PERIOD
                                  0000041d         0   none ,l         0
  FLASH_LS_PERIOD
                                  00000420         0   none ,l         0
  FLASH_PRE_BILL_DAY_TYPE
                                  00000423         0   none ,l         0
  FLASH_ACTIVE_CAL_NAME
                                  00000426         0   none ,l         0
  FLASH_ACTIVE_SEASON1_ZONE_TIME
                                  0000045d         0   none ,l         0
  FLASH_ACTIVE_SEASON2_ZONE_TIME
                                  00000477         0   none ,l         0
  FLASH_ACTIVE_SEASON_TIME
                                  00000491         0   none ,l         0
  FLASH_PASSIVE_CAL_NAME
                                  00000499         0   none ,l         0
  FLASH_PASSIVE_SEASON1_ZONE_TIME
                                  000004d0         0   none ,l         0
  FLASH_PASSIVE_SEASON2_ZONE_TIME
                                  000004ea         0   none ,l         0
  FLASH_PASSIVE_SEASON_TIME
                                  00000504         0   none ,l         0
  FLASH_IS_MEMORY_CLEARED
                                  0000050c         0   none ,l         0
  FLASH_DEFAULT_LLS_KEY
                                  00000511         0   none ,l         0
  FLASH_DEFAULT_HLS_KEY
                                  0000051a         0   none ,l         0
  FLASH_DEFAULT_KONO
                                  0000052b         0   none ,l         0

SECTION=BOOT_VTABLE_AT1000
FILE=Output\BootResetVTable.obj
                                  00001000  00002fff      2000

SECTION=.const
FILE=Output\AppDisplay.obj
                                  00003000  00003c2b       c2c
  _lcdParamIDBuff
                                  00003000       240   data ,g         2
  _txtmsg
                                  00003240       300   data ,g        13
  _disp
                                  00003540       6d6   data ,g         4
    struct lcdmap {
                                                   e
      _disp.Data
                                  00003540         4   [near pointer]
      _disp.eep_addr
                                  00003542         1   unsigned char
      _disp.digits
                                  00003543         1   unsigned char
      _disp.offset
                                  00003544         1   unsigned char
      _disp.modifier
                                  00003545         1   unsigned char
      _disp.divisor
                                  00003546         1   unsigned char
      _disp.symbol1
                                  00003547         1   unsigned char
      _disp.symbol2
                                  00003548         1   unsigned char
      _disp.symbol3
                                  00003549         1   unsigned char
      _disp.id
                                  0000354a         1   unsigned char
      _disp.txtid
                                  0000354b         1   unsigned char
      _disp.time
                                  0000354c         1   unsigned char
      _disp.startdigit
                                  0000354d         1   unsigned char
    }
  _digit
                                  00003c16         a   data ,g         3
FILE=Output\AppMisc.obj
                                  00003c2c  00003c4f        24
FILE=Output\di2c.obj
                                  00003c50  00003c53         4
FILE=Output\AppBlockDailyLS.obj
                                  00003c54  00003c57         4
  _gbltotaldays
                                  00003c54         4   data ,g         7
FILE=Output\AppCommunication.obj
                                  00003c58  00003c79        22
  _eeprom_default_set
                                  00003c58        22   data ,g         1
FILE=Output\r_dlms_data.obj
                                  00003c7a  00003d69        f0
FILE=Output\r_dlms_data_ic.obj
                                  00003d6a  00004767       9fe
  _g_Class07_Dailyload_CapturePeriod
                                  00003d6a         4   data ,g         0
  _g_AccessRightTable
                                  00003d6e        b4   data ,g        5a
    struct tag_access_right_t {
                                                   6
      _g_AccessRightTable.attributes
                                  00003d6e         4   unsigned long
      _g_AccessRightTable.methods
                                  00003d72         2   unsigned short
    }
  _g_Class01_Dailyload_interval
                                  00003e22         4   data ,g         1
  _g_ChildTableClass01
                                  00003e26       18c   data ,g         1
    struct tag_class01_child_record_t {
                                                  12
      _g_ChildTableClass01.logical_name
                                  00003e26         6   unsigned char
      _g_ChildTableClass01.p_access_right
                                  00003e2c         4   [near pointer]
      _g_ChildTableClass01.value
                                  00003e2e         a
    struct tag_dyn_value_t {
                                                   a
      _g_ChildTableClass01.value.choice
                                  00003e2e         2
    struct tag_choice_t {
                                                   2
      _g_ChildTableClass01.value.choice.type
                                  00003e2e         1   enum tag_attr_type_t
      _g_ChildTableClass01.value.choice.size
                                  00003e2f         1   signed char
    }
      _g_ChildTableClass01.value.buffer
                                  00003e30         4   [near pointer]
      _g_ChildTableClass01.value.access
                                  00003e32         6
    struct tag_attr_access_t {
                                                   6
      _g_ChildTableClass01.value.access.method
                                  00003e32         1   enum tag_attr_access_method_t
      _g_ChildTableClass01.value.access.addr
                                  00003e34         2   unsigned short
      _g_ChildTableClass01.value.access.size
                                  00003e36         2   unsigned short
    }
    }
    }
  _g_ChildTableLengthClass01
                                  00003fb2         2   data ,g         1
  _g_ChildTableClass03
                                  00003fb4       320   data ,g         1
    struct tag_class03_child_record_t {
                                                  14
      _g_ChildTableClass03.logical_name
                                  00003fb4         6   unsigned char
      _g_ChildTableClass03.p_access_right
                                  00003fba         4   [near pointer]
      _g_ChildTableClass03.value
                                  00003fbc         a
    struct tag_dyn_value_t {
                                                   a
      _g_ChildTableClass03.value.choice
                                  00003fbc         2
    struct tag_choice_t {
                                                   2
      _g_ChildTableClass03.value.choice.type
                                  00003fbc         1   enum tag_attr_type_t
      _g_ChildTableClass03.value.choice.size
                                  00003fbd         1   signed char
    }
      _g_ChildTableClass03.value.buffer
                                  00003fbe         4   [near pointer]
      _g_ChildTableClass03.value.access
                                  00003fc0         6
    struct tag_attr_access_t {
                                                   6
      _g_ChildTableClass03.value.access.method
                                  00003fc0         1   enum tag_attr_access_method_t
      _g_ChildTableClass03.value.access.addr
                                  00003fc2         2   unsigned short
      _g_ChildTableClass03.value.access.size
                                  00003fc4         2   unsigned short
    }
    }
      _g_ChildTableClass03.scaler_unit
                                  00003fc6         2
    struct tag_scaler_unit_t {
                                                   2
      _g_ChildTableClass03.scaler_unit.scaler
                                  00003fc6         1   signed char
      _g_ChildTableClass03.scaler_unit.unit
                                  00003fc7         1   enum tag_physical_unit_t
    }
    }
  _g_ChildTableLengthClass03
                                  000042d4         2   data ,g         1
  _g_Class04_ActiveMDStatus
                                  000042d6         3   data ,g        11
  _g_Class04_ApparentMDStatus
                                  000042d9         3   data ,g         1
  _g_ChildTableClass04
                                  000042dc       2d0   data ,g         1
    struct tag_class04_child_record_t {
                                                  28
      _g_ChildTableClass04.logical_name
                                  000042dc         6   unsigned char
      _g_ChildTableClass04.p_access_right
                                  000042e2         4   [near pointer]
      _g_ChildTableClass04.value
                                  000042e4         a
    struct tag_dyn_value_t {
                                                   a
      _g_ChildTableClass04.value.choice
                                  000042e4         2
    struct tag_choice_t {
                                                   2
      _g_ChildTableClass04.value.choice.type
                                  000042e4         1   enum tag_attr_type_t
      _g_ChildTableClass04.value.choice.size
                                  000042e5         1   signed char
    }
      _g_ChildTableClass04.value.buffer
                                  000042e6         4   [near pointer]
      _g_ChildTableClass04.value.access
                                  000042e8         6
    struct tag_attr_access_t {
                                                   6
      _g_ChildTableClass04.value.access.method
                                  000042e8         1   enum tag_attr_access_method_t
      _g_ChildTableClass04.value.access.addr
                                  000042ea         2   unsigned short
      _g_ChildTableClass04.value.access.size
                                  000042ec         2   unsigned short
    }
    }
      _g_ChildTableClass04.scaler_unit
                                  000042ee         2
    struct tag_scaler_unit_t {
                                                   2
      _g_ChildTableClass04.scaler_unit.scaler
                                  000042ee         1   signed char
      _g_ChildTableClass04.scaler_unit.unit
                                  000042ef         1   enum tag_physical_unit_t
    }
      _g_ChildTableClass04.status
                                  000042f0         a
    struct tag_dyn_value_t {
                                                   a
      _g_ChildTableClass04.status.choice
                                  000042f0         2
    struct tag_choice_t {
                                                   2
      _g_ChildTableClass04.status.choice.type
                                  000042f0         1   enum tag_attr_type_t
      _g_ChildTableClass04.status.choice.size
                                  000042f1         1   signed char
    }
      _g_ChildTableClass04.status.buffer
                                  000042f2         4   [near pointer]
      _g_ChildTableClass04.status.access
                                  000042f4         6
    struct tag_attr_access_t {
                                                   6
      _g_ChildTableClass04.status.access.method
                                  000042f4         1   enum tag_attr_access_method_t
      _g_ChildTableClass04.status.access.addr
                                  000042f6         2   unsigned short
      _g_ChildTableClass04.status.access.size
                                  000042f8         2   unsigned short
    }
    }
      _g_ChildTableClass04.capture_time
                                  000042fa         a
    struct tag_dyn_value_t {
                                                   a
      _g_ChildTableClass04.capture_time.choice
                                  000042fa         2
    struct tag_choice_t {
                                                   2
      _g_ChildTableClass04.capture_time.choice.type
                                  000042fa         1   enum tag_attr_type_t
      _g_ChildTableClass04.capture_time.choice.size
                                  000042fb         1   signed char
    }
      _g_ChildTableClass04.capture_time.buffer
                                  000042fc         4   [near pointer]
      _g_ChildTableClass04.capture_time.access
                                  000042fe         6
    struct tag_attr_access_t {
                                                   6
      _g_ChildTableClass04.capture_time.access.method
                                  000042fe         1   enum tag_attr_access_method_t
      _g_ChildTableClass04.capture_time.access.addr
                                  00004300         2   unsigned short
      _g_ChildTableClass04.capture_time.access.size
                                  00004302         2   unsigned short
    }
    }
    }
  _g_ChildTableLengthClass04
                                  000045ac         2   data ,g         1
  _g_Class08_RTC_DaylightSavingsBegin
                                  000045ae         c   data ,g         1
    struct tag_date_time_t {
                                                   c
      _g_Class08_RTC_DaylightSavingsBegin.year_high
                                  000045ae         1   unsigned char
      _g_Class08_RTC_DaylightSavingsBegin.year_low
                                  000045af         1   unsigned char
      _g_Class08_RTC_DaylightSavingsBegin.month
                                  000045b0         1   unsigned char
      _g_Class08_RTC_DaylightSavingsBegin.day_of_month
                                  000045b1         1   unsigned char
      _g_Class08_RTC_DaylightSavingsBegin.day_of_week
                                  000045b2         1   unsigned char
      _g_Class08_RTC_DaylightSavingsBegin.hour
                                  000045b3         1   unsigned char
      _g_Class08_RTC_DaylightSavingsBegin.minute
                                  000045b4         1   unsigned char
      _g_Class08_RTC_DaylightSavingsBegin.second
                                  000045b5         1   unsigned char
      _g_Class08_RTC_DaylightSavingsBegin.hundredths
                                  000045b6         1   unsigned char
      _g_Class08_RTC_DaylightSavingsBegin.deviation_high
                                  000045b7         1   unsigned char
      _g_Class08_RTC_DaylightSavingsBegin.deviation_low
                                  000045b8         1   unsigned char
      _g_Class08_RTC_DaylightSavingsBegin.clock_status
                                  000045b9         1   unsigned char
    }
  _g_Class08_RTC_DaylightSavingsEnd
                                  000045ba         c   data ,g         1
    struct tag_date_time_t {
                                                   c
      _g_Class08_RTC_DaylightSavingsEnd.year_high
                                  000045ba         1   unsigned char
      _g_Class08_RTC_DaylightSavingsEnd.year_low
                                  000045bb         1   unsigned char
      _g_Class08_RTC_DaylightSavingsEnd.month
                                  000045bc         1   unsigned char
      _g_Class08_RTC_DaylightSavingsEnd.day_of_month
                                  000045bd         1   unsigned char
      _g_Class08_RTC_DaylightSavingsEnd.day_of_week
                                  000045be         1   unsigned char
      _g_Class08_RTC_DaylightSavingsEnd.hour
                                  000045bf         1   unsigned char
      _g_Class08_RTC_DaylightSavingsEnd.minute
                                  000045c0         1   unsigned char
      _g_Class08_RTC_DaylightSavingsEnd.second
                                  000045c1         1   unsigned char
      _g_Class08_RTC_DaylightSavingsEnd.hundredths
                                  000045c2         1   unsigned char
      _g_Class08_RTC_DaylightSavingsEnd.deviation_high
                                  000045c3         1   unsigned char
      _g_Class08_RTC_DaylightSavingsEnd.deviation_low
                                  000045c4         1   unsigned char
      _g_Class08_RTC_DaylightSavingsEnd.clock_status
                                  000045c5         1   unsigned char
    }
  _g_Class08_RTC_DaylightSavingsDeviation
                                  000045c6         1   data ,g         1
  _g_Class08_RTC_DaylightSavingsEnabled
                                  000045c7         1   data ,g         1
  _g_Class08_RTC_ClockBase
                                  000045c8         1   data ,g         1
  _g_ChildTableClass08
                                  000045ca        28   data ,g         1
    struct tag_class08_child_record_t {
                                                  28
      _g_ChildTableClass08.logical_name
                                  000045ca         6   unsigned char
      _g_ChildTableClass08.p_access_right
                                  000045d0         4   [near pointer]
      _g_ChildTableClass08.time
                                  000045d2         a
    struct tag_dyn_value_t {
                                                   a
      _g_ChildTableClass08.time.choice
                                  000045d2         2
    struct tag_choice_t {
                                                   2
      _g_ChildTableClass08.time.choice.type
                                  000045d2         1   enum tag_attr_type_t
      _g_ChildTableClass08.time.choice.size
                                  000045d3         1   signed char
    }
      _g_ChildTableClass08.time.buffer
                                  000045d4         4   [near pointer]
      _g_ChildTableClass08.time.access
                                  000045d6         6
    struct tag_attr_access_t {
                                                   6
      _g_ChildTableClass08.time.access.method
                                  000045d6         1   enum tag_attr_access_method_t
      _g_ChildTableClass08.time.access.addr
                                  000045d8         2   unsigned short
      _g_ChildTableClass08.time.access.size
                                  000045da         2   unsigned short
    }
    }
      _g_ChildTableClass08.p_time_zone
                                  000045dc         4   [near pointer]
      _g_ChildTableClass08.status
                                  000045de         a
    struct tag_dyn_value_t {
                                                   a
      _g_ChildTableClass08.status.choice
                                  000045de         2
    struct tag_choice_t {
                                                   2
      _g_ChildTableClass08.status.choice.type
                                  000045de         1   enum tag_attr_type_t
      _g_ChildTableClass08.status.choice.size
                                  000045df         1   signed char
    }
      _g_ChildTableClass08.status.buffer
                                  000045e0         4   [near pointer]
      _g_ChildTableClass08.status.access
                                  000045e2         6
    struct tag_attr_access_t {
                                                   6
      _g_ChildTableClass08.status.access.method
                                  000045e2         1   enum tag_attr_access_method_t
      _g_ChildTableClass08.status.access.addr
                                  000045e4         2   unsigned short
      _g_ChildTableClass08.status.access.size
                                  000045e6         2   unsigned short
    }
    }
      _g_ChildTableClass08.p_daylight_savings_begin
                                  000045e8         4   [near pointer]
      _g_ChildTableClass08.p_daylight_savings_end
                                  000045ea         4   [near pointer]
      _g_ChildTableClass08.p_daylight_savings_deviation
                                  000045ec         4   [near pointer]
      _g_ChildTableClass08.p_daylight_savings_enabled
                                  000045ee         4   [near pointer]
      _g_ChildTableClass08.p_clock_base
                                  000045f0         4   [near pointer]
    }
  _g_ChildTableLengthClass08
                                  000045f2         2   data ,g         1
  _secret0
                                  000045f4         1   data ,g         1
  _g_ChildTableClass15
                                  000045f6        54   data ,g        18
    struct tag_class15_child_record_t {
                                                  1c
      _g_ChildTableClass15.logical_name
                                  000045f6         6   unsigned char
      _g_ChildTableClass15.p_access_right
                                  000045fc         4   [near pointer]
      _g_ChildTableClass15.partners_id
                                  000045fe         4
    struct tag_associated_partners_t {
                                                   4
      _g_ChildTableClass15.partners_id.client_SAP
                                  000045fe         1   signed char
      _g_ChildTableClass15.partners_id.server_SAP
                                  00004600         2   unsigned short
    }
      _g_ChildTableClass15.context_id
                                  00004602         1   unsigned char
      _g_ChildTableClass15.mechanism_id
                                  00004603         1   unsigned char
      _g_ChildTableClass15.conformance
                                  00004604         3
    union  tag_conformance_t {
                                                   3
      _g_ChildTableClass15.conformance.bytes
                                  00004604         3
    struct  {
                                                   3
      _g_ChildTableClass15.conformance.bytes.bytes0
                                  00004604         1   unsigned char
      _g_ChildTableClass15.conformance.bytes.bytes1
                                  00004605         1   unsigned char
      _g_ChildTableClass15.conformance.bytes.bytes2
                                  00004606         1   unsigned char
    }
      _g_ChildTableClass15.conformance.bits
                                  00004604         3
    struct  {
                                                   3
      _g_ChildTableClass15.conformance.bits.reserved4
                                  00004604         1   unsigned char:1(7)
      _g_ChildTableClass15.conformance.bits.reserved3
                                  00004604         1   unsigned char:1(6)
      _g_ChildTableClass15.conformance.bits.unconfirmed_write
                                  00004604         1   unsigned char:1(5)
      _g_ChildTableClass15.conformance.bits.write
                                  00004604         1   unsigned char:1(4)
      _g_ChildTableClass15.conformance.bits.read
                                  00004604         1   unsigned char:1(3)
      _g_ChildTableClass15.conformance.bits.reserved2
                                  00004604         1   unsigned char:1(2)
      _g_ChildTableClass15.conformance.bits.reserved1
                                  00004604         1   unsigned char:1(1)
      _g_ChildTableClass15.conformance.bits.reserved0
                                  00004604         1   unsigned char:1(0)
      _g_ChildTableClass15.conformance.bits.information_report
                                  00004605         1   unsigned char:1(7)
      _g_ChildTableClass15.conformance.bits.multiple_references
                                  00004605         1   unsigned char:1(6)
      _g_ChildTableClass15.conformance.bits.block_transfer_with_action
                                  00004605         1   unsigned char:1(5)
      _g_ChildTableClass15.conformance.bits.block_transfer_with_set
                                  00004605         1   unsigned char:1(4)
      _g_ChildTableClass15.conformance.bits.block_transfer_with_get
                                  00004605         1   unsigned char:1(3)
      _g_ChildTableClass15.conformance.bits.attribute0_supported_with_get
                                  00004605         1   unsigned char:1(2)
      _g_ChildTableClass15.conformance.bits.priority_mgmt_supported
                                  00004605         1   unsigned char:1(1)
      _g_ChildTableClass15.conformance.bits.attribute0_supported_with_set
                                  00004605         1   unsigned char:1(0)
      _g_ChildTableClass15.conformance.bits.action
                                  00004606         1   unsigned char:1(7)
      _g_ChildTableClass15.conformance.bits.event_notification
                                  00004606         1   unsigned char:1(6)
      _g_ChildTableClass15.conformance.bits.selective_access
                                  00004606         1   unsigned char:1(5)
      _g_ChildTableClass15.conformance.bits.set
                                  00004606         1   unsigned char:1(4)
      _g_ChildTableClass15.conformance.bits.get
                                  00004606         1   unsigned char:1(3)
      _g_ChildTableClass15.conformance.bits.parameterized_access
                                  00004606         1   unsigned char:1(2)
      _g_ChildTableClass15.conformance.bits.reserved6
                                  00004606         1   unsigned char:1(1)
      _g_ChildTableClass15.conformance.bits.reserved5
                                  00004606         1   unsigned char:1(0)
    }
    }
      _g_ChildTableClass15.dlms_version
                                  00004607         1   unsigned char
      _g_ChildTableClass15.p_secret_key
                                  00004608         4   [near pointer]
      _g_ChildTableClass15.p_shared_key
                                  0000460a         4   [near pointer]
      _g_ChildTableClass15.p_status
                                  0000460c         4   [near pointer]
      _g_ChildTableClass15.p_authen_status
                                  0000460e         4   [near pointer]
      _g_ChildTableClass15.p_security_setup_ref
                                  00004610         4   [near pointer]
    }
  _g_ChildTableLengthClass15
                                  0000465c         2   data ,g         4
  _g_LDN_name1
                                  0000465e         7   data ,g         1
  _g_LDN_name2
                                  00004665         9   data ,g         1
  _g_LDN_name3
                                  0000466e         9   data ,g         1
  _g_Class17_SAP_lists
                                  00004678        12   data ,g         1
    struct tag_asslist_entry_t {
                                                   6
      _g_Class17_SAP_lists.sap
                                  00004678         2   unsigned short
      _g_Class17_SAP_lists.logical_device_name
                                  0000467a         4
    struct tag_value_t {
                                                   4
      _g_Class17_SAP_lists.logical_device_name.choice
                                  0000467a         2
    struct tag_choice_t {
                                                   2
      _g_Class17_SAP_lists.logical_device_name.choice.type
                                  0000467a         1   enum tag_attr_type_t
      _g_Class17_SAP_lists.logical_device_name.choice.size
                                  0000467b         1   signed char
    }
      _g_Class17_SAP_lists.logical_device_name.buffer
                                  0000467c         4   [near pointer]
    }
    }
  _g_ChildTableClass17
                                  0000468a         c   data ,g         1
    struct tag_class17_child_record_t {
                                                   c
      _g_ChildTableClass17.logical_name
                                  0000468a         6   unsigned char
      _g_ChildTableClass17.p_access_right
                                  00004690         4   [near pointer]
      _g_ChildTableClass17.p_sap_assignment
                                  00004692         4   [near pointer]
      _g_ChildTableClass17.nr_sap_assignment
                                  00004694         1   unsigned char
    }
  _g_ChildTableLengthClass17
                                  00004696         2   data ,g         1
  _g_Class20_calendar_active_len
                                  00004698         1   data ,g         1
  _g_Class20_calendar_passive_len
                                  00004699         1   data ,g         1
  _g_ChildTableClass20
                                  0000469a        2a   data ,g         1
    struct tag_class20_child_record_t {
                                                  2a
      _g_ChildTableClass20.logical_name
                                  0000469a         6   unsigned char
      _g_ChildTableClass20.p_access_right
                                  000046a0         4   [near pointer]
      _g_ChildTableClass20.p_calendar_name_active
                                  000046a2         4   [near pointer]
      _g_ChildTableClass20.p_calendar_name_active_len
                                  000046a4         4   [near pointer]
      _g_ChildTableClass20.p_season_profile_active
                                  000046a6         4   [near pointer]
      _g_ChildTableClass20.nr_season_profile_active
                                  000046a8         1   unsigned char
      _g_ChildTableClass20.p_week_profile_active
                                  000046aa         4   [near pointer]
      _g_ChildTableClass20.nr_week_profile_active
                                  000046ac         1   unsigned char
      _g_ChildTableClass20.p_day_profile_active
                                  000046ae         4   [near pointer]
      _g_ChildTableClass20.nr_day_profile_active
                                  000046b0         1   unsigned char
      _g_ChildTableClass20.p_calendar_name_passive
                                  000046b2         4   [near pointer]
      _g_ChildTableClass20.p_calendar_name_passive_len
                                  000046b4         4   [near pointer]
      _g_ChildTableClass20.p_season_profile_passive
                                  000046b6         4   [near pointer]
      _g_ChildTableClass20.nr_season_profile_passive
                                  000046b8         1   unsigned char
      _g_ChildTableClass20.p_week_profile_passive
                                  000046ba         4   [near pointer]
      _g_ChildTableClass20.nr_week_profile_passive
                                  000046bc         1   unsigned char
      _g_ChildTableClass20.p_day_profile_passive
                                  000046be         4   [near pointer]
      _g_ChildTableClass20.nr_day_profile_passive
                                  000046c0         1   unsigned char
      _g_ChildTableClass20.p_activate_calendar_passive
                                  000046c2         4   [near pointer]
    }
  _g_ChildTableLengthClass20
                                  000046c4         2   data ,g         1
  _g_Class22_billscript
                                  000046c6         8   data ,g         1
    struct tag_action_item_t {
                                                   8
      _g_Class22_billscript.script_logical_name
                                  000046c6         6   unsigned char
      _g_Class22_billscript.script_selector
                                  000046cc         2   unsigned short
    }
  _g_Class22_bill_exetime
                                  000046ce         4   data ,g         3
    struct tag_execution_time_date_t {
                                                   4
      _g_Class22_bill_exetime.p_time
                                  000046ce         4   [near pointer]
      _g_Class22_bill_exetime.p_date
                                  000046d0         4   [near pointer]
    }
  _g_Class22_billtype
                                  000046d2         1   data ,g         1
  _g_ChildTableClass22
                                  000046d4        10   data ,g         1
    struct tag_class22_child_record_t {
                                                  10
      _g_ChildTableClass22.logical_name
                                  000046d4         6   unsigned char
      _g_ChildTableClass22.p_access_right
                                  000046da         4   [near pointer]
      _g_ChildTableClass22.p_executed_script
                                  000046dc         4   [near pointer]
      _g_ChildTableClass22.p_type
                                  000046de         4   [near pointer]
      _g_ChildTableClass22.p_execution_time
                                  000046e0         4   [near pointer]
      _g_ChildTableClass22.nr_execution_time
                                  000046e2         1   unsigned char
    }
  _g_ChildTableLengthClass22
                                  000046e4         2   data ,g         1
  _g_Class23_device_addr
                                  000046e6         2   data ,g         1
  _g_Class23_comm_speed
                                  000046e8         1   data ,g         1
  _g_Class23_window_size_transmit
                                  000046e9         1   data ,g         1
  _g_Class23_window_size_receive
                                  000046ea         1   data ,g         1
  _g_Class23_max_info_field_length_transmit
                                  000046ec         2   data ,g         1
  _g_Class23_max_info_field_length_receive
                                  000046ee         2   data ,g         1
  _g_Class23_inter_octet_time_out
                                  000046f0         2   data ,g         1
  _g_Class23_inactivity_time_out
                                  000046f2         2   data ,g         1
  _g_ChildTableClass23
                                  000046f4        18   data ,g         1
    struct tag_class23_child_record_t {
                                                  18
      _g_ChildTableClass23.logical_name
                                  000046f4         6   unsigned char
      _g_ChildTableClass23.p_access_right
                                  000046fa         4   [near pointer]
      _g_ChildTableClass23.p_comm_speed
                                  000046fc         4   [near pointer]
      _g_ChildTableClass23.p_window_size_transmit
                                  000046fe         4   [near pointer]
      _g_ChildTableClass23.p_window_size_receive
                                  00004700         4   [near pointer]
      _g_ChildTableClass23.p_max_info_field_length_transmit
                                  00004702         4   [near pointer]
      _g_ChildTableClass23.p_max_info_field_length_receive
                                  00004704         4   [near pointer]
      _g_ChildTableClass23.p_inter_octet_time_out
                                  00004706         4   [near pointer]
      _g_ChildTableClass23.p_inactivity_time_out
                                  00004708         4   [near pointer]
      _g_ChildTableClass23.p_device_address
                                  0000470a         4   [near pointer]
    }
  _g_ChildTableLengthClass23
                                  0000470c         2   data ,g         1
  _g_Class64_obj0_master_key
                                  0000470e        10   data ,g         1
  _g_Class64_obj1_master_key
                                  0000471e        10   data ,g         1
  _g_ChildTableClass64
                                  0000472e        38   data ,g         d
    struct tag_class64_child_record_t {
                                                  1c
      _g_ChildTableClass64.logical_name
                                  0000472e         6   unsigned char
      _g_ChildTableClass64.p_access_right
                                  00004734         4   [near pointer]
      _g_ChildTableClass64.p_security_policy
                                  00004736         4   [near pointer]
      _g_ChildTableClass64.p_security_suit
                                  00004738         4   [near pointer]
      _g_ChildTableClass64.p_client_title
                                  0000473a         4   [near pointer]
      _g_ChildTableClass64.p_server_title
                                  0000473c         4   [near pointer]
      _g_ChildTableClass64.p_master_key
                                  0000473e         4   [near pointer]
      _g_ChildTableClass64.p_global_unicast_key
                                  00004740         4   [near pointer]
      _g_ChildTableClass64.p_global_broadcast_key
                                  00004742         4   [near pointer]
      _g_ChildTableClass64.p_dedicated_unicast_key
                                  00004744         4   [near pointer]
      _g_ChildTableClass64.p_authentication_key
                                  00004746         4   [near pointer]
      _g_ChildTableClass64.p_frame_counter
                                  00004748         4   [near pointer]
    }
  _g_ChildTableLengthClass64
                                  00004766         2   data ,g         2
FILE=Output\r_dlms_user_interface.obj
                                  00004768  00004787        20
  _g_DayOfWeek
                                  00004768         7   data ,g         2
FILE=Output\r_dlms_obis.obj
                                  00004788  00004da5       61e
  _g_MasterTable
                                  00004788       5cc   data ,g        17
    struct tag_master_record_t {
                                                   e
      _g_MasterTable.class_version
                                  00004788         1   unsigned char
      _g_MasterTable.number_attrs
                                  00004789         1   unsigned char
      _g_MasterTable.number_methods
                                  0000478a         1   unsigned char
      _g_MasterTable.fp_distributor
                                  0000478c         4   [far pointer]
      _g_MasterTable.child_list_size
                                  00004790         4   [near pointer]
      _g_MasterTable.child_list_pointer
                                  00004792         4   [near pointer]
      _g_MasterTable.child_item_size
                                  00004794         2   unsigned short
    }
  _g_TotalMasterTableElements
                                  00004d54         2   data ,g         6
FILE=Output\r_dlms_obis_ic.obj
                                  00004da6  00004e93        ee
  _MaxReceivePduSize@5@R_OBIS_DistributeAssociationLNClass
                                  00004dae         2   data ,l         2
  _MaxSendPduSize@6@R_OBIS_DistributeAssociationLNClass
                                  00004db0         2   data ,l         2
FILE=Output\DLMS_User.obj
                                  00004e94  00004ecd        3a
  _ServerPhysicalAddress
                                  00004e94         4   data ,g         1
  _DeviceAddress
                                  00004e98         7   data ,g         1
  _ManufacturerID
                                  00004e9f         4   data ,g         1
  _ID
                                  00004ea3         4   data ,g         1
  _UserServerConfig
                                  00004ea8        26   data ,g         1
    struct  {
                                                  26
      _UserServerConfig.Channel_info
                                  00004ea8         4   [near pointer]
      _UserServerConfig.SerialInit_FuncPtr
                                  00004eaa         4   [far pointer]
      _UserServerConfig.SerialConfig_FuncPtr
                                  00004eae         4   [far pointer]
      _UserServerConfig.SerialTx_FuncPtr
                                  00004eb2         4   [far pointer]
      _UserServerConfig.Server_Buffer
                                  00004eb6         4   [near pointer]
      _UserServerConfig.ServerPhysicalAddress
                                  00004eb8         4   [near pointer]
      _UserServerConfig.DeviceAddress
                                  00004eba         4   [near pointer]
      _UserServerConfig.ManufacturerID
                                  00004ebc         4   [near pointer]
      _UserServerConfig.ID
                                  00004ebe         4   [near pointer]
      _UserServerConfig.Server_BufferSize
                                  00004ec0         2   unsigned short
      _UserServerConfig.Response_Timeout
                                  00004ec2         2   unsigned short
      _UserServerConfig.Inactivity_Timeout
                                  00004ec4         2   unsigned short
      _UserServerConfig.Interframe_Timeout
                                  00004ec6         2   unsigned short
      _UserServerConfig.Channel_maxcount
                                  00004ec8         1   unsigned char
      _UserServerConfig.AdressByteMode
                                  00004ec9         1   unsigned char
      _UserServerConfig.IEC_BaudRate
                                  00004eca         1   unsigned char
      _UserServerConfig.HDLC_BaudRate
                                  00004ecb         1   unsigned char
      _UserServerConfig.Windows_size
                                  00004ecc         1   unsigned char
      _UserServerConfig.dummy
                                  00004ecd         1   unsigned char
    }
FILE=Output\AppTampers.obj
                                  00004ece  00004f27        5a
  _dlmsEventCode
                                  00004ece        12   data ,g         3
  _EventCountIndex
                                  00004ee0         9   data ,g         8
  _EventLen
                                  00004ee9         9   data ,g         b
  _startAdd
                                  00004ef2        12   data ,g         3
FILE=Output\AppNMTask.obj
                                  00004f28  00004f2b         4
  _nmgbltotaldays
                                  00004f28         4   data ,g         3
FILE=Output\AppHarmonics.obj
                                  00004f2c  00004f89        5e
  _Sin50Hz
                                  00004f2c        27   data ,g         1
  _Cos50Hz
                                  00004f53        27   data ,g         1
  _Cos250Hz
                                  00004f7a         8   data ,g         1
  _Sin250Hz
                                  00004f82         8   data ,g         1
FILE=Output\AppCustomerProtocol.obj
                                  00004f8a  0000500d        84
  _FirmwareVersion
                                  00004f8a        11   data ,g         1
FILE=aes
                                  0000500e  0000530c       2ff
  _sbox@4
                                  0000500e       100   data ,l         1
  _rsbox@5
                                  0000510e       100   data ,l         1
  _Rcon@6
                                  0000520e        ff   data ,l         1
FILE=DLMS_Wrapper
                                  0000530e  0000533c        2f
  _DLMSVersion
                                  0000530e         7   data ,g         0
  _DLMSInfo
                                  00005315        28   data ,g         0
FILE=rl78_sw_dc_correction_config
                                  0000533e  00005351        14
  _g_dc_imunity_config_default_4k_50Hz
                                  0000533e         a   data ,g         0
  _g_dc_imunity_config_default_2k_50Hz
                                  00005348         a   data ,g         1
    struct tag_dc_imunity_config_t {
                                                   a
      _g_dc_imunity_config_default_2k_50Hz.peak_detect_cycle
                                  00005348         2   unsigned short
      _g_dc_imunity_config_default_2k_50Hz.dc_continous_count
                                  0000534a         2   unsigned short
      _g_dc_imunity_config_default_2k_50Hz.max_dc_count
                                  0000534c         2   unsigned short
      _g_dc_imunity_config_default_2k_50Hz.dc_operation_max_sample_count
                                  0000534e         2   unsigned short
      _g_dc_imunity_config_default_2k_50Hz.dc_operation_min_sample_count
                                  00005350         2   unsigned short
    }
FILE=fcs
                                  00005352  00005551       200
  _fcstab
                                  00005352       200   data ,g         2

SECTION=.text
FILE=Output\cstart.obj
                                  00005552  000055ab        5a
  _start
                                  00005552         0   none ,g         0
  _exit
                                  000055aa         0   none ,g         1
FILE=Output\d8bitTimer.obj
                                  000055ac  000055e9        3e
  _Interrupt_16BIT_TIMER0@1
                                  000055ac        27   func ,l         0
  _Interrupt_16BIT_TIMER1@1
                                  000055d3        17   func ,l         0
FILE=Output\dRtc.obj
                                  000055ea  000055ff        16
  _Interrupt_RTC_SECOND@1
                                  000055ea        16   func ,l         0
FILE=Output\di2c.obj
                                  00005600  00005629        2a
  _r_iica0_interrupt@1
                                  00005600        2a   func ,l         0
FILE=Output\dIOCtrl.obj
                                  0000562a  0000564f        26
  _Interrupt_mains_supply@1
                                  0000562a         2   func ,l         0
  _Interrupt_Push_Button@1
                                  0000562c        22   func ,l         0
  _Interrupt_Cover_Switch@1
                                  0000564e         2   func ,l         0
FILE=Output\dUart.obj
                                  00005650  000057a4       155
  _UART2_Interrupt_Receive@1
                                  00005650       150   func ,l         0
  _UART2_Interrupt_Send@1
                                  000057a0         5   func ,l         0
FILE=Output\d12bitTimer.obj
                                  000057a5  000058ab       107
  _Interrupt_12BIT_TIMER@1
                                  000057a5       107   func ,l         0
FILE=Output\dDeltaSigmaADC.obj
                                  000058ac  00005d9d       4f2
  _Interrupt_DSAD@1
                                  000058ac       4f2   func ,l         0
FILE=Output\dLVD.obj
                                  00005d9e  00005da1         4
  _Interrupt_LVD@1
                                  00005d9e         4   func ,l         0
FILE=Output\dOsd.obj
                                  00005da2  00005db0         f
  _Interrupt_OSD@1
                                  00005da2         f   func ,l         0

SECTION=.RLIB
FILE=memcpy
                                  00005db1  00005dc1        11
  _memcpy
                                  00005db1         0   none ,g        1d
FILE=memset
                                  00005dc2  00005dcf         e
  _memset
                                  00005dc2         0   none ,g         9
FILE=_COM_faddsub
                                  00005dd0  00005f0a       13b
  __COM_fsub
                                  00005e2c         0   none ,g         6
  __COM_fadd
                                  00005e34         0   none ,g        14
FILE=_COM_fdiv
                                  00005f0b  00006038       12e
  __COM_fdiv
                                  00005f6a         0   none ,g         3
FILE=_COM_fmul
                                  00006039  00006125        ed
  __COM_fmul
                                  00006084         0   none ,g         f
FILE=_COM_ftosl
                                  00006126  0000612d         8
  __COM_ftosl
                                  00006126         0   none ,g         2
FILE=_COM_ftoul
                                  0000612e  00006139         c
  __COM_ftoul
                                  0000612e         0   none ,g         9
FILE=_COM_llmul
                                  0000613a  00006183        4a
  __COM_llmul
                                  0000613a         0   none ,g         7
  __REL_llmul_addh
                                  00006172         0   none ,g         2
FILE=_COM_lshr
                                  00006184  000061a4        21
  __COM_lshr
                                  0000618e         0   none ,g         2
FILE=_COM_sidiv
                                  000061a5  000061c6        22
  __COM_sidiv
                                  000061a7         0   none ,g         1
FILE=_COM_sirem
                                  000061c7  000061e6        20
  __COM_sirem
                                  000061c7         0   none ,g         3
FILE=_COM_sldiv
                                  000061e7  00006235        4f
  __COM_sldiv
                                  000061ec         0   none ,g         8
FILE=_COM_slldiv
                                  00006236  00006288        53
  __COM_slldiv
                                  00006236         0   none ,g         2
FILE=_COM_sltof
                                  00006289  000062a0        18
  __COM_sltof
                                  00006289         0   none ,g         1
FILE=_COM_ulldiv
                                  000062a1  000062ca        2a
  __COM_ulldiv
                                  000062a1         0   none ,g         c
FILE=_COM_ulltof
                                  000062cb  000062d6         c
  __COM_ulltof
                                  000062cb         0   none ,g         8
FILE=_COM_ultof
                                  000062d7  000062dc         6
  __COM_ultof
                                  000062d7         0   none ,g         3
FILE=_COM_fgt
                                  000062dd  000062f2        16
  __COM_fgt
                                  000062dd         0   none ,g         1
FILE=_COM_fle
                                  000062f3  00006308        16
  __COM_fle
                                  000062f3         0   none ,g         1
FILE=_COM_fne
                                  00006309  00006319        11
  __COM_fne
                                  00006309         0   none ,g         2
FILE=_COM_funordered
                                  0000631a  00006324         b
  __COM_funordered
                                  0000631a         0   none ,g         2
FILE=_COM_lmul
                                  00006325  0000633f        1b
  __COM_lmul
                                  00006325         0   none ,g         2
FILE=_COM_mulul
                                  00006340  0000639c        5d
  __COM_mulul
                                  00006340         0   none ,g         1
FILE=_REL_ftol
                                  0000639d  000063d1        35
  __REL_ftol
                                  0000639d         0   none ,g         2
FILE=_REL_f_inf
                                  000063d2  000063d9         8
  __REL_f_inf
                                  000063d2         0   none ,g         5
FILE=_REL_f_norm
                                  000063da  000063e9        10
  __REL_f_norm
                                  000063da         0   none ,g         3
FILE=_REL_f_round
                                  000063ea  000063fc        13
  __REL_f_round
                                  000063ea         0   none ,g         4
FILE=_REL_lldiv
                                  000063fd  00006603       207
  __REL_lldiv
                                  00006419         0   none ,g         2
FILE=_REL_llrev
                                  00006604  00006623        20
  __REL_llrev
                                  00006604         0   none ,g         3
FILE=_REL_lltof
                                  00006624  00006680        5d
  __REL_lltof
                                  00006624         0   none ,g         1
FILE=_REL_ltof
                                  00006681  000066ca        4a
  __REL_ltof
                                  00006681         0   none ,g         2
FILE=_REL_ltosl
                                  000066cb  000066ef        25
  __REL_ltosl
                                  000066cb         0   none ,g         1
FILE=_COM_feq
                                  000066f0  00006705        16
  __COM_feq
                                  000066f0         0   none ,g         1
FILE=_COM_mului
                                  00006706  00006709         4
  __COM_mului
                                  00006706         0   none ,g         4
FILE=_REL_fcmp
                                  0000670a  00006741        38
  __REL_fcmp
                                  0000670a         0   none ,g         3
FILE=_REL_fordered_core
                                  00006742  0000675d        1c
  __REL_fordered_core
                                  00006742         0   none ,g         4
FILE=_REL_setexp_ll
                                  0000675e  000067a7        4a
  __REL_setexp_ll
                                  0000675e         0   none ,g         1

SECTION=.SLIB
FILE=acosf
                                  000067a8  00006b51       3aa
  __REL_poly_asinf_neg@1
                                  000067a8       1ec   func ,l         1
  __CommonCode@4
                                  00006994         c   func ,l         2
  __CommonCode@5
                                  000069a0         9   func ,l         2
  __CommonCode@3
                                  000069a9         c   func ,l         3
  __CommonCode@2
                                  000069b5         9   func ,l         2
  __CommonCode@1
                                  000069be         5   func ,l         3
  _acosf
                                  000069c3       180   func ,g         1
  __CommonCode@0
                                  00006b43         f   func ,l         2
FILE=fabsf
                                  00006b52  00006b6a        19
  _fabsf
                                  00006b52         0   none ,g         2
FILE=memcmp
                                  00006b6b  00006b7c        12
  _memcmp
                                  00006b6b         0   none ,g         1
FILE=sqrtf
                                  00006b7d  00006da2       226
  _sqrtf
                                  00006b7d       1fa   func ,g         b
  __CommonCode@2
                                  00006d77         1   func ,l         2
  __CommonCode@3
                                  00006d78         4   func ,l         3
  __CommonCode@1
                                  00006d7c         9   func ,l         2
  __CommonCode@0
                                  00006d85        1e   func ,l         3
FILE=strlen
                                  00006da3  00006dad         b
  _strlen
                                  00006da3         0   none ,g        13
FILE=_REL_asincosfsub
                                  00006dae  00006f10       163
  __REL_poly_acosf
                                  00006dae        6f   func ,g         1
  __CommonCode@0
                                  00006e1d         e   func ,l         2
  __CommonCode@3
                                  00006e2b         5   func ,l         4
  __CommonCode@2
                                  00006e30        9a   func ,l         2
  __CommonCode@5
                                  00006eca         5   func ,l         3
  __CommonCode@4
                                  00006ecf         c   func ,l         3
  __CommonCode@1
                                  00006edb         9   func ,l         2
  __REL_poly_acosf_neg
                                  00006ee4        2d   func ,g         1
FILE=_REL_nanf_value
                                  00006f11  00006f15         5
  __REL_nanf_value
                                  00006f11         5   func ,g         1

SECTION=.textf
FILE=Output\dMisc.obj
                                  00006f16  00006f6d        58
  _NOP_CYCLES
                                  00006f16        12   func ,g         1
  _MCU_Delay
                                  00006f28        46   func ,g         d
FILE=Output\hdwinit.obj
                                  00006f6e  00006f6e         1
  _hdwinit
                                  00006f6e         0   none ,g         1
FILE=Output\stkinit.obj
                                  00006f6f  00006fb2        44
  _stkinit
                                  00006f6f         0   none ,g         1
  LSTINIT1
                                  00006f7d         0   none ,l         1
  LSTINIT2
                                  00006fa7         0   none ,l         2
  LSTINIT3
                                  00006fb2         0   none ,l         2
FILE=Output\main.obj
                                  00006fb3  0000720a       258
  _main
                                  00006fb3       242   func ,g         1
  _prepareLowPower
                                  000071f5        16   func ,g         1
FILE=Output\dDisplay.obj
                                  0000720b  000072da        d0
  _init_Lcd
                                  0000720b        76   func ,g         1
  _R_LCD_Start
                                  00007281         4   func ,g         1
  _R_LCD_Stop
                                  00007285         4   func ,g         0
  _R_LCD_Set_VoltageOn
                                  00007289        33   func ,g         1
  _R_LCD_Set_VoltageOff
                                  000072bc         e   func ,g         0
  _R_LCD_PowerOff
                                  000072ca         a   func ,g         2
  _R_LCD_PowerOn
                                  000072d4         7   func ,g         5
FILE=Output\AppDisplay.obj
                                  000072db  0000896d      1693
  _Display
                                  000072db       fb5   func ,g        10
  _Clear_Lcd
                                  00008290        24   func ,g         2
  _PushButton
                                  000082b4        1f   func ,g         1
  _setParaBuff
                                  000082d3        42   func ,g        15
  _setParamIndex
                                  00008315        4e   func ,g        18
  _CheckParaTimeOut
                                  00008363        a8   func ,g         1
  _setNextParaSeq
                                  0000840b       13d   func ,g         3
  _getParamTime
                                  00008548        14   func ,g         2
  _getParaCount
                                  0000855c         8   func ,g         3
  _getMeterSerial
                                  00008564       169   func ,g         6
  _getMeterKitID
                                  000086cd        64   func ,g         2
  _getConfiguredDP
                                  00008731        75   func ,g         4
  _copyDPfromFlash2Ram
                                  000087a6        75   func ,g         2
  _validatelcdRAMBuff
                                  0000881b        15   func ,g         2
  _configDisplayPara
                                  00008830        c4   func ,g         1
  _readConfiguredDP2Send
                                  000088f4        4d   func ,g         1
  _ResetConfigDP
                                  00008941        2d   func ,g         1
FILE=Output\dClock.obj
                                  0000896e  000089e0        73
  _setClock
                                  0000896e        73   func ,g         1
FILE=Output\AppPowerOnInit.obj
                                  000089e1  00008f2b       54b
  _init_poweron
                                  000089e1        84   func ,g         1
  _init_device_hw
                                  00008a65        6f   func ,g         1
  _init_app_data
                                  00008ad4       2c4   func ,g         1
  _getTODEnergy@1
                                  00008d98        97   func ,l         4
  _UpdateEnergy@1
                                  00008e2f        71   func ,l         2
  _noResetInit
                                  00008ea0        45   func ,g         1
  _CheckCurrentLimitNm
                                  00008ee5        47   func ,g         2
FILE=Output\d8bitTimer.obj
                                  00008f2c  000090b3       188
  _init_Timer8bit0
                                  00008f2c        1a   func ,g         1
  _init_Timer8bit1
                                  00008f46        18   func ,g         4
  _start_Timer8bit0
                                  00008f5e        26   func ,g         b
  _start_Timer8bit1
                                  00008f84        25   func ,g         2
  _stop_Timer8bit0
                                  00008fa9        26   func ,g         2
  _stop_Timer8bit1
                                  00008fcf        26   func ,g         2
  _updatePulse
                                  00008ff5        bf   func ,g         1
FILE=Output\dRtc.obj
                                  000090b4  0000968c       5d9
  _init_Rtc
                                  000090b4       134   func ,g         3
  _start_RTC_Second_Interrupt
                                  000091e8         4   func ,g         1
  _stop_RTC_Second_Interrupt
                                  000091ec         4   func ,g         1
  _getRtcCounter
                                  000091f0       1e7   func ,g         d
  _Rtc_SetCounterValue
                                  000093d7       17d   func ,g         4
  _setRTCOut
                                  00009554        12   func ,g         0
  _reEnable32KCrystal
                                  00009566        44   func ,g         3
  _validateRCR1
                                  000095aa        35   func ,g         2
  _validateRCR2
                                  000095df        ae   func ,g         2
FILE=Output\AppMisc.obj
                                  0000968d  0000a182       af6
  _ConvertTimeCounterToTime
                                  0000968d       2f7   func ,g        27
  _ConvertTimeToTimeCounter
                                  00009984       1fb   func ,g         8
  _Crc_Cal
                                  00009b7f        69   func ,g        17
  _SaveEEPROM
                                  00009be8       103   func ,g        17
  _makeByte
                                  00009ceb        49   func ,g        22
  _getByteValue
                                  00009d34        62   func ,g        23
  _isPowerfailLog
                                  00009d96        6e   func ,g         2
  _powerfailLogging
                                  00009e04        3d   func ,g         2
  _isRAMOK
                                  00009e41        55   func ,g         9
  _updateMDInterval
                                  00009e96        ee   func ,g         4
  _getSetPfailData
                                  00009f84        5c   func ,g         6
  _fillComBufferZero
                                  00009fe0        1b   func ,g         4
  _getSelftDgFeature
                                  00009ffb        54   func ,g         2
  _Dec_Ascii
                                  0000a04f        81   func ,g        58
  _getCustomDateTimeASCIIFormat
                                  0000a0d0        b3   func ,g         3
FILE=Output\di2c.obj
                                  0000a183  0000a6da       558
  _init_I2c
                                  0000a183        90   func ,g         1
  _read_eeprom
                                  0000a213       101   func ,g        52
  _write_eeprom
                                  0000a314       112   func ,g        31
  _iica0_masterhandler@1
                                  0000a426       108   func ,l         1
  _i2c_Send@1
                                  0000a52e        9e   func ,l         3
  _dywait
                                  0000a5cc        23   func ,g         0
  _memTest
                                  0000a5ef        ec   func ,g         2
FILE=Output\dIOCtrl.obj
                                  0000a6db  0000a7d3        f9
  _R_PORT_Create
                                  0000a6db        11   func ,g         1
  _init_Ports
                                  0000a6ec        e7   func ,g         2
  _freePinshandler
                                  0000a7d3         1   func ,g         2
FILE=Output\dUart.obj
                                  0000a7d4  0000a951       17e
  _init_Uart2
                                  0000a7d4        18   func ,g         3
  _R_UART2_Create
                                  0000a7ec        94   func ,g         1
  _Uart2_Start
                                  0000a880        28   func ,g         2
  _Uart2_Stop
                                  0000a8a8        43   func ,g         2
  _r_uart2_callback_error@1
                                  0000a8eb         5   func ,l         1
  _Meter2_Response
                                  0000a8f0        62   func ,g         3
FILE=Output\d12bitTimer.obj
                                  0000a952  0000a9b6        65
  _init_Timer12bit
                                  0000a952        2a   func ,g         4
  _ClearPulseAccumulation
                                  0000a97c        1a   func ,g         0
  _setPulse
                                  0000a996        21   func ,g         2
FILE=Output\dDeltaSigmaADC.obj
                                  0000a9b7  0000bf0c      1556
  _R_ADC_Stop
                                  0000a9b7        12   func ,g         2
  _init_DeltaSigmaADC
                                  0000a9c9        68   func ,g         2
  _Start_DeltaSigmaADC@1
                                  0000aa31        69   func ,l         1
  _DeltaSigmaADC_Stop
                                  0000aa9a        12   func ,g         0
  _DeltaSigmaADC_AdjustPhaseDelay
                                  0000aaac        51   func ,g         5
  _ClearADCData
                                  0000aafd        47   func ,g         2
  _doMeasurement
                                  0000ab44       57a   func ,g         2
  _Calculate_Line_Frq
                                  0000b0be       1cf   func ,g         2
  _doMeasurement_NM
                                  0000b28d       313   func ,g         4
  _doDeltaSigmaADC_NM@1
                                  0000b5a0       7ee   func ,l        17
  _logNMinfo@1
                                  0000bd8e        26   func ,l         3
  _addCTCompensation
                                  0000bdb4        5d   func ,g         1
  _adjCTPowerNew
                                  0000be11        c4   func ,g         2
  _checkApparentwithActive@1
                                  0000bed5        1f   func ,l         2
  _setPulseCounterPower@1
                                  0000bef4        19   func ,l         3
FILE=Output\AppOneSecondTask.obj
                                  0000bf0d  0000c416       50a
  _OneSecondTask
                                  0000bf0d       50a   func ,g         2
FILE=Output\AppBilling.obj
                                  0000c417  0000c8ad       497
  _CheckBillingOver
                                  0000c417       1fa   func ,g         4
  _GetBillLoc
                                  0000c611        45   func ,g         e
  _GetLastBillLoc
                                  0000c656        4c   func ,g         0
  _doBilling
                                  0000c6a2        11   func ,g         0
  _getLastBillnumber
                                  0000c6b3        29   func ,g         0
  _getAvgPf
                                  0000c6dc        a1   func ,g         3
  _initPowerOnDuration
                                  0000c77d         1   func ,g         0
  _getNextBillingDate
                                  0000c77e        c2   func ,g         6
  _ClearBillMD
                                  0000c840        4c   func ,g         0
  _getAutoBillDay
                                  0000c88c        22   func ,g         6
FILE=Output\AppMD.obj
                                  0000c8ae  0000cc3c       38f
  _Compute_MD
                                  0000c8ae       38f   func ,g         6
FILE=Output\AppScheduleAction.obj
                                  0000cc3d  0000ccf6        ba
  _doCalanderAction
                                  0000cc3d        6d   func ,g         2
  _doBillSingleAction
                                  0000ccaa        4d   func ,g         2
FILE=Output\AppTod.obj
                                  0000ccf7  0000d0d1       3db
  _TodBilling
                                  0000ccf7        6d   func ,g         1
  _getCurrentSeason
                                  0000cd64        d2   func ,g         2
  _isZoneChanged
                                  0000ce36        2b   func ,g         0
  _getCurrentZoneNo
                                  0000ce61       112   func ,g         4
  _GetTODBillLoc
                                  0000cf73        4c   func ,g         0
  _getMaxZoneNo
                                  0000cfbf        2c   func ,g         2
  _getMaxSeasonNo
                                  0000cfeb        22   func ,g         1
  _getTODConsumption
                                  0000d00d        80   func ,g         2
  _GetTODLatestBillLoc
                                  0000d08d        45   func ,g         1
FILE=Output\AppBlockDailyLS.obj
                                  0000d0d2  0000d84d       77c
  _Load_Survey
                                  0000d0d2       1fd   func ,g         1
  _GetLsLoadLoc
                                  0000d2cf        8d   func ,g         2
  _GetDailyLoc
                                  0000d35c        46   func ,g         1
  _doLs
                                  0000d3a2        e6   func ,g         2
  _getLsEntries
                                  0000d488        65   func ,g         5
  _ClearLsData
                                  0000d4ed        d7   func ,g         1
  _getByRange
                                  0000d5c4       201   func ,g         0
  _logDaily00hhEnergy
                                  0000d7c5        89   func ,g         2
FILE=Output\AppCalibration.obj
                                  0000d84e  0000db1c       2cf
  _doCalibration
                                  0000d84e       1b7   func ,g         4
  _getPhaseDelay@1
                                  0000da05        b0   func ,l         2
  _getRLCalib
                                  0000dab5        68   func ,g         1
FILE=Output\AppCommunication.obj
                                  0000db1d  0000f617      1afb
  _Communication
                                  0000db1d        55   func ,g         3
  _Write_Command
                                  0000db72      16ba   func ,g         1
  _addHeaderFooterAndSend@1
                                  0000f22c        36   func ,l         2
  _ClearEEpromMemory@1
                                  0000f262       190   func ,l         2
  _getSerialCrc
                                  0000f3f2        3c   func ,g         2
  _getSPOTBill
                                  0000f42e       15b   func ,g         1
  _getPower2Cal@1
                                  0000f589        8f   func ,l         2
FILE=Output\AppIntervalkWh.obj
                                  0000f618  0000fad4       4bd
  _savekWh
                                  0000f618        55   func ,g         2
  _readIntervalkWh
                                  0000f66d       460   func ,g         1
  _getInterval
                                  0000facd         8   func ,g         0
FILE=Output\r_dlms_data.obj
                                  0000fad5  00010b27      1053
  _R_OBIS_ActionObjectMethod
                                  0000fad5       2ba   func ,g         1
  _R_OBIS_GetObjectAttr
                                  0000fd8f       9b9   func ,g         1
  _R_OBIS_SetObjectAttr
                                  00010748       207   func ,g         1
  _R_OBIS_DataAsyncServiceRestart
                                  0001094f        4d   func ,g         1
  _R_OBIS_BufferBlockGet
                                  0001099c        a8   func ,g         0
  _R_OBIS_BufferBlockSet
                                  00010a44        a8   func ,g         0
  _R_OBIS_BufferScanByUserFunc
                                  00010aec        1c   func ,g         1
  _R_OBIS_BufferFilterByUserFunc
                                  00010b08        20   func ,g         1
FILE=Output\r_dlms_data_hls.obj
                                  00010b28  00010b49        22
  _R_OBIS_Aes_Ecbenc
                                  00010b28        22   func ,g         2
FILE=Output\r_dlms_data_meter.obj
                                  00010b4a  0001113e       5f5
  _R_OBIS_IsValidDateTime
                                  00010b4a       18e   func ,g         3
  _R_OBIS_IsValidDate
                                  00010cd8        a4   func ,g         1
  _R_OBIS_IsValidTime
                                  00010d7c        f1   func ,g         1
  _R_OBIS_CompareDateTime
                                  00010e6d        92   func ,g         0
  _R_OBIS_Class20_Activate_PassiveCalendar
[...]
                                          0084(0001dddc:.textf)
                                          0084(0001ddf0:.textf)
                                          0084(0001de18:.textf)
                                          0084(0001de4e:.textf)
                                          0084(0001de62:.textf)
                                          0084(0001dfb9:.textf)
                                          0084(0001dfff:.textf)
                                          0084(0001e057:.textf)
                                          0084(0001e088:.textf)
                                          0084(0001e10a:.textf)
                                          0084(0001e119:.textf)
                                          0084(0001e15b:.textf)
                                          0084(0001e196:.textf)
                                          0084(0001e294:.textf)
                                          0084(0001e2d8:.textf)
                                          0084(0001e3c6:.textf)
                                          0084(0001e52c:.textf)
                                          0084(0001e53a:.textf)
                                          0084(0001e578:.textf)
                                          0084(0001e586:.textf)
                                          0088(0001eeeb:.textf)
                                          0088(0001ef2c:.textf)
                                          0089(0001ef5f:.textf)
                                          0109(0001f3cb:.textf)
                                          0109(0001f3f1:.textf)
                                          0109(0001f4e6:.textf)
                                          0110(0001f507:.textf)
     SECTION=.bss
                 _HDLC_FrameOutput
                                 000ff2a0 0085(0001e93c:.textf)
                                          0085(0001e945:.textf)
                                          0085(0001e948:.textf)
                                          0085(0001e94e:.textf)
                                          0085(0001e954:.textf)
                                          0085(0001e960:.textf)
                                          0085(0001e978:.textf)
                                          0085(0001e983:.textf)
                                          0085(0001e9ab:.textf)
                                          0085(0001e9af:.textf)
                                          0085(0001e9b6:.textf)
                                          0085(0001e9b9:.textf)
                                          0085(0001ea78:.textf)
                                          0085(0001ea84:.textf)
                                          0085(0001eada:.textf)
                                          0085(0001eae6:.textf)
                                          0085(0001eaef:.textf)
                                          0085(0001eb44:.textf)
                                          0085(0001eb8c:.textf)
                                          0085(0001eba6:.textf)
                                          0085(0001ebc8:.textf)
                                          0085(0001ec1b:.textf)
                 _FRMR_Response
                                 000ff2ae 0085(0001e7e8:.textf)
                                          0085(0001e7eb:.textf)
                                          0085(0001e82d:.textf)
                                          0085(0001e830:.textf)
                                          0110(0001f504:.textf)
0086 Datalink_Timeout
     SECTION=.textf
                 _DataLinkTimeoutInit
                                 0001ec2c 0085(0001e5cc:.textf)
                 _DataLinkTimeoutCount
                                 0001ec6c 0087(0001ee3b:.textf)
                 _DataLinkTimeoutResponseSTART
                                 0001ed55
                 _DataLinkTimeoutResponseRESET
                                 0001ed64 0086(0001ec5f:.textf)
                 _DataLinkTimeoutResponseSTOP
                                 0001ed6c 0086(0001ec50:.textf)
                 _DataLinkTimeoutInterFrameSTART
                                 0001ed72 0085(0001e5fa:.textf)
                 _DataLinkTimeoutInterFrameRESET
                                 0001ed81 0085(0001e5df:.textf)
                                          0085(0001e668:.textf)
                                          0086(0001ec6a:.textf)
                                          0086(0001ecf3:.textf)
                                          0086(0001ed36:.textf)
                 _DataLinkTimeoutInterFrameSTOP
                                 0001ed89 0085(0001e66e:.textf)
                                          0086(0001ec5a:.textf)
                                          0086(0001edc2:.textf)
                 _DataLinkTimeoutInactivitySTART
                                 0001ed8f 0054(0001c25e:.textf)
                                          0085(0001e693:.textf)
                                          0085(0001ea3d:.textf)
                                          0085(0001eaae:.textf)
                 _DataLinkTimeoutInactivityRESET
                                 0001ed9e 0054(0001c256:.textf)
                                          0085(0001e5e5:.textf)
                                          0085(0001e68b:.textf)
                                          0086(0001ec64:.textf)
                                          0086(0001ecec:.textf)
                 _DataLinkTimeoutInactivitySTOP
                                 0001eda6 0085(0001e600:.textf)
                                          0086(0001ec55:.textf)
                                          0086(0001ecfa:.textf)
0087 Physical_Layer
     SECTION=.textf
                 _PhysicalInit
                                 0001ede3 0059(0001d971:.textf)
                 _PhysicalReset
                                 0001edf9 0059(0001d799:.textf)
                                          0087(0001edf5:.textf)
                 _PhysicalReceiveCallback
                                 0001ee0e
                 _PhysicalSend
                                 0001ee12 0085(0001ea97:.textf)
                                          0085(0001eb02:.textf)
                                          0085(0001ebd4:.textf)
                 _PhysicalSendEndCallback
                                 0001ee36
                 _PhysicalTimeoutCount
                                 0001ee3a
                 _PhysicalLayerChangeBaudRate
                                 0001ee3e 0087(0001ee06:.textf)
                 _PhysicalLayerConfigProtocol
                                 0001ee4d 0087(0001ee0d:.textf)
0088 ActionService
     SECTION=.textf
                 _ResetActionAsyncService
                                 0001ee6f
                 _DecodeActionRequestNormal
                                 0001ee70 0055(0001c582:.textf)
                 _DecodeActionRequestNextPBlk
                                 0001eec2 0055(0001c589:.textf)
                 _DecodeActionRequestWithList
                                 0001eec3 0055(0001c590:.textf)
                 _DecodeActionRequestWithFirstBlk
                                 0001eec4 0055(0001c597:.textf)
                 _DecodeActionRequestListFirstBlk
                                 0001eec5 0055(0001c59e:.textf)
                 _DecodeActionRequestWithPBlk
                                 0001eec6 0055(0001c5a5:.textf)
                 _DecodeActionRequestFail
                                 0001eec7 0055(0001c57b:.textf)
                 _EncodeActionResponseNormal
                                 0001eec8 0055(0001c5f5:.textf)
                 _EncodeActionResponseWithPBlk
                                 0001ef23 0055(0001c5e0:.textf)
                 _EncodeActionResponseNextPBlk
                                 0001ef25 0055(0001c5ee:.textf)
                 _EncodeActionResponseWithList
                                 0001ef27 0055(0001c5e7:.textf)
                 _EncodeActionResponseFail
                                 0001ef29 0055(0001c5d9:.textf)
     SECTION=.bss
                 _Action_Req_Normal
                                 000ff2b2 0088(0001ee74:.textf)
                                          0088(0001ee83:.textf)
                                          0088(0001ee9c:.textf)
                                          0088(0001eeb8:.textf)
                 _ActionResponseNormal
                                 000ff2c0 0088(0001ee9f:.textf)
                                          0088(0001eebd:.textf)
                                          0088(0001eedc:.textf)
                                          0088(0001eee8:.textf)
                 _Action_Data_Pointer
                                 000ff2c4 0088(0001eecf:.textf)
                                          0088(0001eeef:.textf)
                                          0088(0001ef0a:.textf)
0089 EventService
     SECTION=.textf
                 _EncodeEventNotificationRequest
                                 0001ef32 0055(0001c637:.textf)
0090 errno
     SECTION=.dataR
                 _errno
                                 000fe2b8 0062(00006a02:.SLIB)
                                          0063(00006b67:.SLIB)
                                          0065(00006be2:.SLIB)
                                          0065(00006bea:.SLIB)
     SECTION=.data
0091 _REL_asincosfsub
     SECTION=.SLIB
                 __REL_poly_acosf
                                 00006dae 0062(00006b04:.SLIB)
                 __REL_poly_acosf_neg
                                 00006ee4 0062(00006b3e:.SLIB)
     SECTION=.constf
                 ___asincosf_const_tbl
                                 0001f570 0062(00006a16:.SLIB)
                                          0062(00006a19:.SLIB)
                                          0062(00006a1f:.SLIB)
                                          0062(00006a25:.SLIB)
                                          0062(00006a2b:.SLIB)
                 ___asinf_coeff
                                 0001f578 0062(00006a8c:.SLIB)
                                          0062(00006a8f:.SLIB)
0092 _REL_nanf_value
     SECTION=.SLIB
                 __REL_nanf_value
                                 00006f11 0062(00006a05:.SLIB)
0093 _COM_fgt
     SECTION=.RLIB
                 __COM_fgt
                                 000062dd 0062(00006a4f:.SLIB)
0094 _COM_fle
     SECTION=.RLIB
                 __COM_fle
                                 000062f3 0062(00006ae8:.SLIB)
0095 _COM_fne
     SECTION=.RLIB
                 __COM_fne
                                 00006309 0062(000069dc:.SLIB)
                                          0062(000069f2:.SLIB)
0096 _COM_funordered
     SECTION=.RLIB
                 __COM_funordered
                                 0000631a 0062(00006a3a:.SLIB)
                                          0062(00006ad8:.SLIB)
0097 _COM_lmul
     SECTION=.RLIB
                 __COM_lmul
                                 00006325 0074(00006153:.RLIB)
                                          0074(00006168:.RLIB)
0098 _COM_mulul
     SECTION=.RLIB
                 __COM_mulul
                                 00006340 0074(0000614a:.RLIB)
0099 _REL_ftol
     SECTION=.RLIB
                 __REL_ftol
                                 0000639d 0072(00006127:.RLIB)
                                          0073(00006134:.RLIB)
0100 _REL_f_inf
     SECTION=.RLIB
                 __REL_f_inf
                                 000063d2 0069(00005ec3:.RLIB)
                                          0070(00005f54:.RLIB)
                                          0070(00005ff4:.RLIB)
                                          0071(00006056:.RLIB)
                                          0071(000060f9:.RLIB)
0101 _REL_f_norm
     SECTION=.RLIB
                 __REL_f_norm
                                 000063da 0070(00005f35:.RLIB)
                                          0070(00005f60:.RLIB)
                                          0071(00006077:.RLIB)
0102 _REL_f_round
     SECTION=.RLIB
                 __REL_f_round
                                 000063ea 0069(00005ed0:.RLIB)
                                          0069(00005f08:.RLIB)
                                          0070(00006036:.RLIB)
                                          0071(00006106:.RLIB)
0103 _REL_lldiv
     SECTION=.RLIB
                 __REL_lldiv
                                 00006419 0079(0000627d:.RLIB)
                                          0081(000062c8:.RLIB)
0104 _REL_llrev
     SECTION=.RLIB
                 __REL_llrev
                                 00006604 0079(00006262:.RLIB)
                                          0079(00006272:.RLIB)
                                          0079(00006285:.RLIB)
0105 _REL_lltof
     SECTION=.RLIB
                 __REL_lltof
                                 00006624 0082(000062d4:.RLIB)
0106 _REL_ltof
     SECTION=.RLIB
                 __REL_ltof
                                 00006681 0080(0000629e:.RLIB)
                                          0083(000062da:.RLIB)
0107 _REL_ltosl
     SECTION=.RLIB
                 __REL_ltosl
                                 000066cb 0072(0000612b:.RLIB)
0108 SNRM_UA
     SECTION=.textf
                 _DataLinkSNRMdecode
                                 0001ef6e 0085(0001ea55:.textf)
                 _DataLinkUAencode
                                 0001f081 0085(0001ea7b:.textf)
                                          0085(0001eadd:.textf)
                 _DataLinkDMencode
                                 0001f1a3 0085(0001eae9:.textf)
0109 IFRAME
     SECTION=.textf
                 _DataLinkSegmentClear
                                 0001f1b8 0085(0001e5bf:.textf)
                                          0109(0001f29b:.textf)
                 _DataLinkIFrameDecode
                                 0001f1e2 0085(0001eb29:.textf)
                 _IFrameDataDecode
                                 0001f2bd 0109(0001f280:.textf)
                 _DataLinkIFrameEncode
                                 0001f336 0085(0001eb47:.textf)
                 _IFrameDataEncode
                                 0001f40e 0109(0001f350:.textf)
                 _DataLinkRRDecode
                                 0001f46c 0085(0001eb74:.textf)
                 _DataLinkRREncode
                                 0001f496 0085(0001eb8f:.textf)
0110 FRMR
     SECTION=.textf
                 _DataLinkFRMRencode
                                 0001f4ea 0085(0001eba9:.textf)
0111 fcs
     SECTION=.const
                 _fcstab
                                 00005352 0111(0001f540:.textf)
                                          0111(0001f54c:.textf)
     SECTION=.textf
                 _CalcFcs
                                 0001f516 0085(0001ec0a:.textf)
                                          0085(0001ec22:.textf)
     SECTION=.bss
                 _current
                                 000ff2c6 0111(0001f522:.textf)
                                          0111(0001f55b:.textf)
                                          0111(0001f56a:.textf)
                 _test
                                 000ff2c8 0111(0001f51b:.textf)
                 _test2
                                 000ff2ca 0111(0001f537:.textf)
                 _test3
                                 000ff2cc 0111(0001f543:.textf)
0112 _COM_feq
     SECTION=.RLIB
                 __COM_feq
                                 000066f0 0095(00006312:.RLIB)
0113 _COM_mului
     SECTION=.RLIB
                 __COM_mului
                                 00006706 0098(00006346:.RLIB)
                                          0098(00006355:.RLIB)
                                          0098(0000636b:.RLIB)
                                          0098(00006388:.RLIB)
0114 _REL_fcmp
     SECTION=.RLIB
                 __REL_fcmp
                                 0000670a 0093(000062e7:.RLIB)
                                          0094(000062fd:.RLIB)
                                          0112(000066fa:.RLIB)
0115 _REL_fordered_core
     SECTION=.RLIB
                 __REL_fordered_core
                                 00006742 0093(000062e0:.RLIB)
                                          0094(000062f6:.RLIB)
                                          0096(0000631d:.RLIB)
                                          0112(000066f3:.RLIB)
0116 _REL_setexp_ll
     SECTION=.RLIB
                 __REL_setexp_ll
                                 0000675e 0105(0000663a:.RLIB)
0117 rlink_generates_01
     SECTION=.option_byte
0118 rlink_generates_02
     SECTION=.monitor1
     SECTION=.monitor2
0119 rlink_generates_03
     SECTION=.security_id
0120 rlink_generates_04
     SECTION=.vect
0121 rlink_generates_05
     SECTION=
                 __s.vect
                                 00000000
                 __e.vect
                                 00000080
                 __s.option_byte
                                 000000c0
                 __e.option_byte
                                 000000c4
                 __s.security_id
                                 000000c4
                 __s.monitor1
                                 000000ce
                 __e.security_id
                                 000000ce
                 __e.monitor1
                                 000000d8
                 __sDEFAULT_SET_AT400
                                 00000400
                 __eDEFAULT_SET_AT400
                                 00000536
                 __sBOOT_VTABLE_AT1000
                                 00001000
                 __s.const
                                 00003000
                 __eBOOT_VTABLE_AT1000
                                 00003000
                 __s.text
                                 00005552
                 __e.const
                                 00005552
                 __e.text
                                 00005db1
                 __s.RLIB
                                 00005db1
                 __e.RLIB
                                 000067a8
                 __s.SLIB
                                 000067a8
                 __s.textf
                                 00006f16
                 __e.SLIB
                                 00006f16
                 __e.textf
                                 0001f56f
                 __s.constf
                                 0001f570
                 __e.constf
                                 0001f5b0
                 __s.data
                                 0001f5b0
                 __e.data
                                 0001f96a
                 __s.sdata
                                 0001f96a
                 __e.sdata
                                 0001f96a
                 __s.monitor2
                                 0001fe00
                 __e.monitor2
                                 00020000
                 __s.dataR
                                 000fdf00
                 __RAM_ADDR_START
                                 000fdf00
                 __s.bss
                                 000fe2ba
                 __e.dataR
                                 000fe2ba
                 __e.bss
                                 000ff2ce
                 __STACK_ADDR_END
                                 000ff2ce 0002(00005557:.text)
                 __s.sbss
                                 000ffe20
                 __e.sbss
                                 000ffe20
                 __s.sdataR
                                 000ffe20
                 __e.sdataR
                                 000ffe20
                 __STACK_ADDR_START
                                 000ffe20 0002(00005554:.text)
                 __RAM_ADDR_END
                                 000ffee0
