Renesas Optimizing Linker (V3.05.00 )             02-Aug-2024 14:45:34

*** Options ***

-MAKEUD=DefaultBuild\rl78EPL80.lk.ud
-subcommand=Output\rl78EPL80.clnk
-Input=Output\dMisc.obj
-Input=Output\cstart.obj
-Input=Output\hdwinit.obj
-Input=Output\stkinit.obj
-Input=Output\main.obj
-Input=Output\dDisplay.obj
-Input=Output\AppDisplay.obj
-Input=Output\AppVariables.obj
-Input=Output\dClock.obj
-Input=Output\AppPowerOnInit.obj
-Input=Output\d8bitTimer.obj
-Input=Output\dRtc.obj
-Input=Output\AppMisc.obj
-Input=Output\di2c.obj
-Input=Output\dIOCtrl.obj
-Input=Output\dUart.obj
-Input=Output\d12bitTimer.obj
-Input=Output\dDeltaSigmaADC.obj
-Input=Output\AppOneSecondTask.obj
-Input=Output\AppBilling.obj
-Input=Output\AppMD.obj
-Input=Output\AppScheduleAction.obj
-Input=Output\AppTod.obj
-Input=Output\AppBlockDailyLS.obj
-Input=Output\AppCalibration.obj
-Input=Output\AppCommunication.obj
-Input=Output\AppIntervalkWh.obj
-Input=Output\r_dlms_data.obj
-Input=Output\r_dlms_data_hls.obj
-Input=Output\r_dlms_data_ic.obj
-Input=Output\r_dlms_data_meter.obj
-Input=Output\r_dlms_user_interface.obj
-Input=Output\r_dlms_obis.obj
-Input=Output\r_dlms_obis_ic.obj
-Input=Output\serial.obj
-Input=Output\Timer.obj
-Input=Output\DLMS_User.obj
-Input=Output\AppTampers.obj
-Input=Output\AppBatteryManagement.obj
-Input=Output\dWatchDog.obj
-Input=Output\dVBat.obj
-Input=Output\dLVD.obj
-Input=Output\AppNMTask.obj
-Input=Output\AppProductionProcess.obj
-Input=Output\AppParaLimits.obj
-Input=Output\AppDefaultSet.obj
-Input=Output\BootResetVTable.obj
-Input=Output\dOsd.obj
-Input=Output\AppHarmonics.obj
-Input=Output\dDCImmunity.obj
-Input=Output\AppCustomerProtocol.obj
-Input=Output\AppUpdateComments.obj
-LIBrary=rlDlms\meter_app\aes\AES_128_EBC_CCRL.lib
-LIBrary=rlDlms\Lib\DLMSLib_RL78_V0.8.9_Common_IndiaSupport_CCRL_V106_AutoNoFar_OptimizeCode.lib
-LIBrary=rlDevice\DCImmunity\ccrl_rl78i1c_sw_dc_detection_only.lib
-SECURITY_ID=00000000000000000000
-DEVICE=C:\Program Files (x86)\Renesas Electronics\CS+\CC\Device\RL78\Devicefile\DR5F11TLG.DVF
-DEBug
-NOCOmpress
-NOOPtimize
-OUtput=DefaultBuild\rl78EPL80.abs
-LIBrary=C:\Program Files (x86)\Renesas Electronics\CS+\CC\CC-RL\V1.12.00\lib\rl78em4s.lib
-LIBrary=C:\Program Files (x86)\Renesas Electronics\CS+\CC\CC-RL\V1.12.00\lib\malloc_n.lib
-LIBrary=C:\Program Files (x86)\Renesas Electronics\CS+\CC\CC-RL\V1.12.00\lib\rl78em4r.lib
-OCDBG=84
-DEBUG_MONITOR
-USER_OPT_BYTE=FE5FE2
-LISt=DefaultBuild\rl78EPL80.map
-SHow=SYmbol,Reference,Xreference,Total_size,VECTOR,STRUCT,RELOCATION_ATTRIBUTE
-STARt=.const,.text,.RLIB,.SLIB,.textf,.constf,.data,.sdata/03000,.dataR,.bss/FDF00,.sdataR,.sbss/FFE20
-ROm=.data=.dataR
-ROm=.sdata=.sdataR
-NOMessage
-NOLOgo
-end

*** Error information ***

*** Mapping List ***

SECTION                            START      END         SIZE   ALIGN ATTRIBUTE
.vect
                                  00000000  0000007f        80   0     OTHER
.option_byte
                                  000000c0  000000c3         4   1     OPT_BYTE
.security_id
                                  000000c4  000000cd         a   1     SECUR_ID
.monitor1
                                  000000ce  000000d7         a   1     DATA_AT
DEFAULT_SET_AT400
                                  00000400  00000535       136   1     TEXT_AT
BOOT_VTABLE_AT1000
                                  00001000  00002fff      2000   1     TEXT_AT
.const
                                  00003000  00005429      242a   2     CONST
.text
                                  0000542a  00005d48       91f   1     TEXT
.RLIB
                                  00005d49  0000673f       9f7   1     TEXTF
.SLIB
                                  00006740  00006ead       76e   1     TEXTF
.textf
                                  00006eae  0001f1fb     1834e   1     TEXTF
.constf
                                  0001f1fc  0001f23b        40   2     CONSTF
.data
                                  0001f23c  0001f5f3       3b8   2     DATA
.sdata
                                  0001f5f4  0001f5f4         0   2     SDATA
.monitor2
                                  0001fe00  0001ffff       200   1     DATA_AT
.dataR
                                  000fdf00  000fe2b7       3b8   2     DATA(R)
.bss
                                  000fe2b8  000ff287       fd0   2     BSS
.sdataR
                                  000ffe20  000ffe20         0   2     SDATA(R)
.sbss
                                  000ffe20  000ffe20         0   2     SBSS

*** Total Section Size ***

RAMDATA SECTION:  00001388 Byte(s)
ROMDATA SECTION:  00002aba Byte(s)
PROGRAM SECTION:  0001bf08 Byte(s)

*** Symbol List ***

SECTION=
FILE=                               START        END    SIZE
  SYMBOL                            ADDR        SIZE    INFO      COUNTS  OPT
    STRUCT                                      SIZE
      MEMBER                        ADDR        SIZE    INFO

SECTION=.vect
FILE=rlink_generates_04
                                  00000000  0000007f        80

SECTION=.option_byte
FILE=rlink_generates_01
                                  000000c0  000000c3         4

SECTION=.security_id
FILE=rlink_generates_03
                                  000000c4  000000cd         a

SECTION=.monitor1
FILE=rlink_generates_02
                                  000000ce  000000d7         a

SECTION=DEFAULT_SET_AT400
FILE=Output\AppDefaultSet.obj
                                  00000400  00000535       136
  FLASH_FW_VERSION
                                  00000400         0   none ,l         0
  FLASH_NO_OF_CATEGORY
                                  00000410         0   none ,l         0
  FLASH_PRE_BILL_SINGLE_ACTION
                                  00000411         0   none ,l         0
  FLASH_PASSIVE_SEA_ACT_TIME
                                  00000417         0   none ,l         0
  FLASH_MD_PERIOD
                                  0000041d         0   none ,l         0
  FLASH_LS_PERIOD
                                  00000420         0   none ,l         0
  FLASH_PRE_BILL_DAY_TYPE
                                  00000423         0   none ,l         0
  FLASH_ACTIVE_CAL_NAME
                                  00000426         0   none ,l         0
  FLASH_ACTIVE_SEASON1_ZONE_TIME
                                  0000045d         0   none ,l         0
  FLASH_ACTIVE_SEASON2_ZONE_TIME
                                  00000477         0   none ,l         0
  FLASH_ACTIVE_SEASON_TIME
                                  00000491         0   none ,l         0
  FLASH_PASSIVE_CAL_NAME
                                  00000499         0   none ,l         0
  FLASH_PASSIVE_SEASON1_ZONE_TIME
                                  000004d0         0   none ,l         0
  FLASH_PASSIVE_SEASON2_ZONE_TIME
                                  000004ea         0   none ,l         0
  FLASH_PASSIVE_SEASON_TIME
                                  00000504         0   none ,l         0
  FLASH_IS_MEMORY_CLEARED
                                  0000050c         0   none ,l         0
  FLASH_DEFAULT_LLS_KEY
                                  00000511         0   none ,l         0
  FLASH_DEFAULT_HLS_KEY
                                  0000051a         0   none ,l         0
  FLASH_DEFAULT_KONO
                                  0000052b         0   none ,l         0

SECTION=BOOT_VTABLE_AT1000
FILE=Output\BootResetVTable.obj
                                  00001000  00002fff      2000

SECTION=.const
FILE=Output\AppDisplay.obj
                                  00003000  00003b75       b76
  _lcdParamIDBuff
                                  00003000       240   data ,g         2
  _txtmsg
                                  00003240       300   data ,g         d
  _disp
                                  00003540       620   data ,g         4
    struct lcdmap {
                                                   e
      _disp.Data
                                  00003540         4   [near pointer]
      _disp.eep_addr
                                  00003542         1   unsigned char
      _disp.digits
                                  00003543         1   unsigned char
      _disp.offset
                                  00003544         1   unsigned char
      _disp.modifier
                                  00003545         1   unsigned char
      _disp.divisor
                                  00003546         1   unsigned char
      _disp.symbol1
                                  00003547         1   unsigned char
      _disp.symbol2
                                  00003548         1   unsigned char
      _disp.symbol3
                                  00003549         1   unsigned char
      _disp.id
                                  0000354a         1   unsigned char
      _disp.txtid
                                  0000354b         1   unsigned char
      _disp.time
                                  0000354c         1   unsigned char
      _disp.startdigit
                                  0000354d         1   unsigned char
    }
  _digit
                                  00003b60         a   data ,g         3
FILE=Output\AppMisc.obj
                                  00003b76  00003b99        24
FILE=Output\di2c.obj
                                  00003b9a  00003b9d         4
FILE=Output\AppBlockDailyLS.obj
                                  00003b9e  00003ba1         4
  _gbltotaldays
                                  00003b9e         4   data ,g         7
FILE=Output\AppCommunication.obj
                                  00003ba2  00003bc3        22
  _eeprom_default_set
                                  00003ba2        22   data ,g         1
FILE=Output\r_dlms_data.obj
                                  00003bc4  00003cb3        f0
FILE=Output\r_dlms_data_ic.obj
                                  00003cb4  000046b1       9fe
  _g_Class07_Dailyload_CapturePeriod
                                  00003cb4         4   data ,g         0
  _g_AccessRightTable
                                  00003cb8        b4   data ,g        5a
    struct tag_access_right_t {
                                                   6
      _g_AccessRightTable.attributes
                                  00003cb8         4   unsigned long
      _g_AccessRightTable.methods
                                  00003cbc         2   unsigned short
    }
  _g_Class01_Dailyload_interval
                                  00003d6c         4   data ,g         1
  _g_ChildTableClass01
                                  00003d70       18c   data ,g         1
    struct tag_class01_child_record_t {
                                                  12
      _g_ChildTableClass01.logical_name
                                  00003d70         6   unsigned char
      _g_ChildTableClass01.p_access_right
                                  00003d76         4   [near pointer]
      _g_ChildTableClass01.value
                                  00003d78         a
    struct tag_dyn_value_t {
                                                   a
      _g_ChildTableClass01.value.choice
                                  00003d78         2
    struct tag_choice_t {
                                                   2
      _g_ChildTableClass01.value.choice.type
                                  00003d78         1   enum tag_attr_type_t
      _g_ChildTableClass01.value.choice.size
                                  00003d79         1   signed char
    }
      _g_ChildTableClass01.value.buffer
                                  00003d7a         4   [near pointer]
      _g_ChildTableClass01.value.access
                                  00003d7c         6
    struct tag_attr_access_t {
                                                   6
      _g_ChildTableClass01.value.access.method
                                  00003d7c         1   enum tag_attr_access_method_t
      _g_ChildTableClass01.value.access.addr
                                  00003d7e         2   unsigned short
      _g_ChildTableClass01.value.access.size
                                  00003d80         2   unsigned short
    }
    }
    }
  _g_ChildTableLengthClass01
                                  00003efc         2   data ,g         1
  _g_ChildTableClass03
                                  00003efe       320   data ,g         1
    struct tag_class03_child_record_t {
                                                  14
      _g_ChildTableClass03.logical_name
                                  00003efe         6   unsigned char
      _g_ChildTableClass03.p_access_right
                                  00003f04         4   [near pointer]
      _g_ChildTableClass03.value
                                  00003f06         a
    struct tag_dyn_value_t {
                                                   a
      _g_ChildTableClass03.value.choice
                                  00003f06         2
    struct tag_choice_t {
                                                   2
      _g_ChildTableClass03.value.choice.type
                                  00003f06         1   enum tag_attr_type_t
      _g_ChildTableClass03.value.choice.size
                                  00003f07         1   signed char
    }
      _g_ChildTableClass03.value.buffer
                                  00003f08         4   [near pointer]
      _g_ChildTableClass03.value.access
                                  00003f0a         6
    struct tag_attr_access_t {
                                                   6
      _g_ChildTableClass03.value.access.method
                                  00003f0a         1   enum tag_attr_access_method_t
      _g_ChildTableClass03.value.access.addr
                                  00003f0c         2   unsigned short
      _g_ChildTableClass03.value.access.size
                                  00003f0e         2   unsigned short
    }
    }
      _g_ChildTableClass03.scaler_unit
                                  00003f10         2
    struct tag_scaler_unit_t {
                                                   2
      _g_ChildTableClass03.scaler_unit.scaler
                                  00003f10         1   signed char
      _g_ChildTableClass03.scaler_unit.unit
                                  00003f11         1   enum tag_physical_unit_t
    }
    }
  _g_ChildTableLengthClass03
                                  0000421e         2   data ,g         1
  _g_Class04_ActiveMDStatus
                                  00004220         3   data ,g        11
  _g_Class04_ApparentMDStatus
                                  00004223         3   data ,g         1
  _g_ChildTableClass04
                                  00004226       2d0   data ,g         1
    struct tag_class04_child_record_t {
                                                  28
      _g_ChildTableClass04.logical_name
                                  00004226         6   unsigned char
      _g_ChildTableClass04.p_access_right
                                  0000422c         4   [near pointer]
      _g_ChildTableClass04.value
                                  0000422e         a
    struct tag_dyn_value_t {
                                                   a
      _g_ChildTableClass04.value.choice
                                  0000422e         2
    struct tag_choice_t {
                                                   2
      _g_ChildTableClass04.value.choice.type
                                  0000422e         1   enum tag_attr_type_t
      _g_ChildTableClass04.value.choice.size
                                  0000422f         1   signed char
    }
      _g_ChildTableClass04.value.buffer
                                  00004230         4   [near pointer]
      _g_ChildTableClass04.value.access
                                  00004232         6
    struct tag_attr_access_t {
                                                   6
      _g_ChildTableClass04.value.access.method
                                  00004232         1   enum tag_attr_access_method_t
      _g_ChildTableClass04.value.access.addr
                                  00004234         2   unsigned short
      _g_ChildTableClass04.value.access.size
                                  00004236         2   unsigned short
    }
    }
      _g_ChildTableClass04.scaler_unit
                                  00004238         2
    struct tag_scaler_unit_t {
                                                   2
      _g_ChildTableClass04.scaler_unit.scaler
                                  00004238         1   signed char
      _g_ChildTableClass04.scaler_unit.unit
                                  00004239         1   enum tag_physical_unit_t
    }
      _g_ChildTableClass04.status
                                  0000423a         a
    struct tag_dyn_value_t {
                                                   a
      _g_ChildTableClass04.status.choice
                                  0000423a         2
    struct tag_choice_t {
                                                   2
      _g_ChildTableClass04.status.choice.type
                                  0000423a         1   enum tag_attr_type_t
      _g_ChildTableClass04.status.choice.size
                                  0000423b         1   signed char
    }
      _g_ChildTableClass04.status.buffer
                                  0000423c         4   [near pointer]
      _g_ChildTableClass04.status.access
                                  0000423e         6
    struct tag_attr_access_t {
                                                   6
      _g_ChildTableClass04.status.access.method
                                  0000423e         1   enum tag_attr_access_method_t
      _g_ChildTableClass04.status.access.addr
                                  00004240         2   unsigned short
      _g_ChildTableClass04.status.access.size
                                  00004242         2   unsigned short
    }
    }
      _g_ChildTableClass04.capture_time
                                  00004244         a
    struct tag_dyn_value_t {
                                                   a
      _g_ChildTableClass04.capture_time.choice
                                  00004244         2
    struct tag_choice_t {
                                                   2
      _g_ChildTableClass04.capture_time.choice.type
                                  00004244         1   enum tag_attr_type_t
      _g_ChildTableClass04.capture_time.choice.size
                                  00004245         1   signed char
    }
      _g_ChildTableClass04.capture_time.buffer
                                  00004246         4   [near pointer]
      _g_ChildTableClass04.capture_time.access
                                  00004248         6
    struct tag_attr_access_t {
                                                   6
      _g_ChildTableClass04.capture_time.access.method
                                  00004248         1   enum tag_attr_access_method_t
      _g_ChildTableClass04.capture_time.access.addr
                                  0000424a         2   unsigned short
      _g_ChildTableClass04.capture_time.access.size
                                  0000424c         2   unsigned short
    }
    }
    }
  _g_ChildTableLengthClass04
                                  000044f6         2   data ,g         1
  _g_Class08_RTC_DaylightSavingsBegin
                                  000044f8         c   data ,g         1
    struct tag_date_time_t {
                                                   c
      _g_Class08_RTC_DaylightSavingsBegin.year_high
                                  000044f8         1   unsigned char
      _g_Class08_RTC_DaylightSavingsBegin.year_low
                                  000044f9         1   unsigned char
      _g_Class08_RTC_DaylightSavingsBegin.month
                                  000044fa         1   unsigned char
      _g_Class08_RTC_DaylightSavingsBegin.day_of_month
                                  000044fb         1   unsigned char
      _g_Class08_RTC_DaylightSavingsBegin.day_of_week
                                  000044fc         1   unsigned char
      _g_Class08_RTC_DaylightSavingsBegin.hour
                                  000044fd         1   unsigned char
      _g_Class08_RTC_DaylightSavingsBegin.minute
                                  000044fe         1   unsigned char
      _g_Class08_RTC_DaylightSavingsBegin.second
                                  000044ff         1   unsigned char
      _g_Class08_RTC_DaylightSavingsBegin.hundredths
                                  00004500         1   unsigned char
      _g_Class08_RTC_DaylightSavingsBegin.deviation_high
                                  00004501         1   unsigned char
      _g_Class08_RTC_DaylightSavingsBegin.deviation_low
                                  00004502         1   unsigned char
      _g_Class08_RTC_DaylightSavingsBegin.clock_status
                                  00004503         1   unsigned char
    }
  _g_Class08_RTC_DaylightSavingsEnd
                                  00004504         c   data ,g         1
    struct tag_date_time_t {
                                                   c
      _g_Class08_RTC_DaylightSavingsEnd.year_high
                                  00004504         1   unsigned char
      _g_Class08_RTC_DaylightSavingsEnd.year_low
                                  00004505         1   unsigned char
      _g_Class08_RTC_DaylightSavingsEnd.month
                                  00004506         1   unsigned char
      _g_Class08_RTC_DaylightSavingsEnd.day_of_month
                                  00004507         1   unsigned char
      _g_Class08_RTC_DaylightSavingsEnd.day_of_week
                                  00004508         1   unsigned char
      _g_Class08_RTC_DaylightSavingsEnd.hour
                                  00004509         1   unsigned char
      _g_Class08_RTC_DaylightSavingsEnd.minute
                                  0000450a         1   unsigned char
      _g_Class08_RTC_DaylightSavingsEnd.second
                                  0000450b         1   unsigned char
      _g_Class08_RTC_DaylightSavingsEnd.hundredths
                                  0000450c         1   unsigned char
      _g_Class08_RTC_DaylightSavingsEnd.deviation_high
                                  0000450d         1   unsigned char
      _g_Class08_RTC_DaylightSavingsEnd.deviation_low
                                  0000450e         1   unsigned char
      _g_Class08_RTC_DaylightSavingsEnd.clock_status
                                  0000450f         1   unsigned char
    }
  _g_Class08_RTC_DaylightSavingsDeviation
                                  00004510         1   data ,g         1
  _g_Class08_RTC_DaylightSavingsEnabled
                                  00004511         1   data ,g         1
  _g_Class08_RTC_ClockBase
                                  00004512         1   data ,g         1
  _g_ChildTableClass08
                                  00004514        28   data ,g         1
    struct tag_class08_child_record_t {
                                                  28
      _g_ChildTableClass08.logical_name
                                  00004514         6   unsigned char
      _g_ChildTableClass08.p_access_right
                                  0000451a         4   [near pointer]
      _g_ChildTableClass08.time
                                  0000451c         a
    struct tag_dyn_value_t {
                                                   a
      _g_ChildTableClass08.time.choice
                                  0000451c         2
    struct tag_choice_t {
                                                   2
      _g_ChildTableClass08.time.choice.type
                                  0000451c         1   enum tag_attr_type_t
      _g_ChildTableClass08.time.choice.size
                                  0000451d         1   signed char
    }
      _g_ChildTableClass08.time.buffer
                                  0000451e         4   [near pointer]
      _g_ChildTableClass08.time.access
                                  00004520         6
    struct tag_attr_access_t {
                                                   6
      _g_ChildTableClass08.time.access.method
                                  00004520         1   enum tag_attr_access_method_t
      _g_ChildTableClass08.time.access.addr
                                  00004522         2   unsigned short
      _g_ChildTableClass08.time.access.size
                                  00004524         2   unsigned short
    }
    }
      _g_ChildTableClass08.p_time_zone
                                  00004526         4   [near pointer]
      _g_ChildTableClass08.status
                                  00004528         a
    struct tag_dyn_value_t {
                                                   a
      _g_ChildTableClass08.status.choice
                                  00004528         2
    struct tag_choice_t {
                                                   2
      _g_ChildTableClass08.status.choice.type
                                  00004528         1   enum tag_attr_type_t
      _g_ChildTableClass08.status.choice.size
                                  00004529         1   signed char
    }
      _g_ChildTableClass08.status.buffer
                                  0000452a         4   [near pointer]
      _g_ChildTableClass08.status.access
                                  0000452c         6
    struct tag_attr_access_t {
                                                   6
      _g_ChildTableClass08.status.access.method
                                  0000452c         1   enum tag_attr_access_method_t
      _g_ChildTableClass08.status.access.addr
                                  0000452e         2   unsigned short
      _g_ChildTableClass08.status.access.size
                                  00004530         2   unsigned short
    }
    }
      _g_ChildTableClass08.p_daylight_savings_begin
                                  00004532         4   [near pointer]
      _g_ChildTableClass08.p_daylight_savings_end
                                  00004534         4   [near pointer]
      _g_ChildTableClass08.p_daylight_savings_deviation
                                  00004536         4   [near pointer]
      _g_ChildTableClass08.p_daylight_savings_enabled
                                  00004538         4   [near pointer]
      _g_ChildTableClass08.p_clock_base
                                  0000453a         4   [near pointer]
    }
  _g_ChildTableLengthClass08
                                  0000453c         2   data ,g         1
  _secret0
                                  0000453e         1   data ,g         1
  _g_ChildTableClass15
                                  00004540        54   data ,g        18
    struct tag_class15_child_record_t {
                                                  1c
      _g_ChildTableClass15.logical_name
                                  00004540         6   unsigned char
      _g_ChildTableClass15.p_access_right
                                  00004546         4   [near pointer]
      _g_ChildTableClass15.partners_id
                                  00004548         4
    struct tag_associated_partners_t {
                                                   4
      _g_ChildTableClass15.partners_id.client_SAP
                                  00004548         1   signed char
      _g_ChildTableClass15.partners_id.server_SAP
                                  0000454a         2   unsigned short
    }
      _g_ChildTableClass15.context_id
                                  0000454c         1   unsigned char
      _g_ChildTableClass15.mechanism_id
                                  0000454d         1   unsigned char
      _g_ChildTableClass15.conformance
                                  0000454e         3
    union  tag_conformance_t {
                                                   3
      _g_ChildTableClass15.conformance.bytes
                                  0000454e         3
    struct  {
                                                   3
      _g_ChildTableClass15.conformance.bytes.bytes0
                                  0000454e         1   unsigned char
      _g_ChildTableClass15.conformance.bytes.bytes1
                                  0000454f         1   unsigned char
      _g_ChildTableClass15.conformance.bytes.bytes2
                                  00004550         1   unsigned char
    }
      _g_ChildTableClass15.conformance.bits
                                  0000454e         3
    struct  {
                                                   3
      _g_ChildTableClass15.conformance.bits.reserved4
                                  0000454e         1   unsigned char:1(7)
      _g_ChildTableClass15.conformance.bits.reserved3
                                  0000454e         1   unsigned char:1(6)
      _g_ChildTableClass15.conformance.bits.unconfirmed_write
                                  0000454e         1   unsigned char:1(5)
      _g_ChildTableClass15.conformance.bits.write
                                  0000454e         1   unsigned char:1(4)
      _g_ChildTableClass15.conformance.bits.read
                                  0000454e         1   unsigned char:1(3)
      _g_ChildTableClass15.conformance.bits.reserved2
                                  0000454e         1   unsigned char:1(2)
      _g_ChildTableClass15.conformance.bits.reserved1
                                  0000454e         1   unsigned char:1(1)
      _g_ChildTableClass15.conformance.bits.reserved0
                                  0000454e         1   unsigned char:1(0)
      _g_ChildTableClass15.conformance.bits.information_report
                                  0000454f         1   unsigned char:1(7)
      _g_ChildTableClass15.conformance.bits.multiple_references
                                  0000454f         1   unsigned char:1(6)
      _g_ChildTableClass15.conformance.bits.block_transfer_with_action
                                  0000454f         1   unsigned char:1(5)
      _g_ChildTableClass15.conformance.bits.block_transfer_with_set
                                  0000454f         1   unsigned char:1(4)
      _g_ChildTableClass15.conformance.bits.block_transfer_with_get
                                  0000454f         1   unsigned char:1(3)
      _g_ChildTableClass15.conformance.bits.attribute0_supported_with_get
                                  0000454f         1   unsigned char:1(2)
      _g_ChildTableClass15.conformance.bits.priority_mgmt_supported
                                  0000454f         1   unsigned char:1(1)
      _g_ChildTableClass15.conformance.bits.attribute0_supported_with_set
                                  0000454f         1   unsigned char:1(0)
      _g_ChildTableClass15.conformance.bits.action
                                  00004550         1   unsigned char:1(7)
      _g_ChildTableClass15.conformance.bits.event_notification
                                  00004550         1   unsigned char:1(6)
      _g_ChildTableClass15.conformance.bits.selective_access
                                  00004550         1   unsigned char:1(5)
      _g_ChildTableClass15.conformance.bits.set
                                  00004550         1   unsigned char:1(4)
      _g_ChildTableClass15.conformance.bits.get
                                  00004550         1   unsigned char:1(3)
      _g_ChildTableClass15.conformance.bits.parameterized_access
                                  00004550         1   unsigned char:1(2)
      _g_ChildTableClass15.conformance.bits.reserved6
                                  00004550         1   unsigned char:1(1)
      _g_ChildTableClass15.conformance.bits.reserved5
                                  00004550         1   unsigned char:1(0)
    }
    }
      _g_ChildTableClass15.dlms_version
                                  00004551         1   unsigned char
      _g_ChildTableClass15.p_secret_key
                                  00004552         4   [near pointer]
      _g_ChildTableClass15.p_shared_key
                                  00004554         4   [near pointer]
      _g_ChildTableClass15.p_status
                                  00004556         4   [near pointer]
      _g_ChildTableClass15.p_authen_status
                                  00004558         4   [near pointer]
      _g_ChildTableClass15.p_security_setup_ref
                                  0000455a         4   [near pointer]
    }
  _g_ChildTableLengthClass15
                                  000045a6         2   data ,g         4
  _g_LDN_name1
                                  000045a8         7   data ,g         1
  _g_LDN_name2
                                  000045af         9   data ,g         1
  _g_LDN_name3
                                  000045b8         9   data ,g         1
  _g_Class17_SAP_lists
                                  000045c2        12   data ,g         1
    struct tag_asslist_entry_t {
                                                   6
      _g_Class17_SAP_lists.sap
                                  000045c2         2   unsigned short
      _g_Class17_SAP_lists.logical_device_name
                                  000045c4         4
    struct tag_value_t {
                                                   4
      _g_Class17_SAP_lists.logical_device_name.choice
                                  000045c4         2
    struct tag_choice_t {
                                                   2
      _g_Class17_SAP_lists.logical_device_name.choice.type
                                  000045c4         1   enum tag_attr_type_t
      _g_Class17_SAP_lists.logical_device_name.choice.size
                                  000045c5         1   signed char
    }
      _g_Class17_SAP_lists.logical_device_name.buffer
                                  000045c6         4   [near pointer]
    }
    }
  _g_ChildTableClass17
                                  000045d4         c   data ,g         1
    struct tag_class17_child_record_t {
                                                   c
      _g_ChildTableClass17.logical_name
                                  000045d4         6   unsigned char
      _g_ChildTableClass17.p_access_right
                                  000045da         4   [near pointer]
      _g_ChildTableClass17.p_sap_assignment
                                  000045dc         4   [near pointer]
      _g_ChildTableClass17.nr_sap_assignment
                                  000045de         1   unsigned char
    }
  _g_ChildTableLengthClass17
                                  000045e0         2   data ,g         1
  _g_Class20_calendar_active_len
                                  000045e2         1   data ,g         1
  _g_Class20_calendar_passive_len
                                  000045e3         1   data ,g         1
  _g_ChildTableClass20
                                  000045e4        2a   data ,g         1
    struct tag_class20_child_record_t {
                                                  2a
      _g_ChildTableClass20.logical_name
                                  000045e4         6   unsigned char
      _g_ChildTableClass20.p_access_right
                                  000045ea         4   [near pointer]
      _g_ChildTableClass20.p_calendar_name_active
                                  000045ec         4   [near pointer]
      _g_ChildTableClass20.p_calendar_name_active_len
                                  000045ee         4   [near pointer]
      _g_ChildTableClass20.p_season_profile_active
                                  000045f0         4   [near pointer]
      _g_ChildTableClass20.nr_season_profile_active
                                  000045f2         1   unsigned char
      _g_ChildTableClass20.p_week_profile_active
                                  000045f4         4   [near pointer]
      _g_ChildTableClass20.nr_week_profile_active
                                  000045f6         1   unsigned char
      _g_ChildTableClass20.p_day_profile_active
                                  000045f8         4   [near pointer]
      _g_ChildTableClass20.nr_day_profile_active
                                  000045fa         1   unsigned char
      _g_ChildTableClass20.p_calendar_name_passive
                                  000045fc         4   [near pointer]
      _g_ChildTableClass20.p_calendar_name_passive_len
                                  000045fe         4   [near pointer]
      _g_ChildTableClass20.p_season_profile_passive
                                  00004600         4   [near pointer]
      _g_ChildTableClass20.nr_season_profile_passive
                                  00004602         1   unsigned char
      _g_ChildTableClass20.p_week_profile_passive
                                  00004604         4   [near pointer]
      _g_ChildTableClass20.nr_week_profile_passive
                                  00004606         1   unsigned char
      _g_ChildTableClass20.p_day_profile_passive
                                  00004608         4   [near pointer]
      _g_ChildTableClass20.nr_day_profile_passive
                                  0000460a         1   unsigned char
      _g_ChildTableClass20.p_activate_calendar_passive
                                  0000460c         4   [near pointer]
    }
  _g_ChildTableLengthClass20
                                  0000460e         2   data ,g         1
  _g_Class22_billscript
                                  00004610         8   data ,g         1
    struct tag_action_item_t {
                                                   8
      _g_Class22_billscript.script_logical_name
                                  00004610         6   unsigned char
      _g_Class22_billscript.script_selector
                                  00004616         2   unsigned short
    }
  _g_Class22_bill_exetime
                                  00004618         4   data ,g         3
    struct tag_execution_time_date_t {
                                                   4
      _g_Class22_bill_exetime.p_time
                                  00004618         4   [near pointer]
      _g_Class22_bill_exetime.p_date
                                  0000461a         4   [near pointer]
    }
  _g_Class22_billtype
                                  0000461c         1   data ,g         1
  _g_ChildTableClass22
                                  0000461e        10   data ,g         1
    struct tag_class22_child_record_t {
                                                  10
      _g_ChildTableClass22.logical_name
                                  0000461e         6   unsigned char
      _g_ChildTableClass22.p_access_right
                                  00004624         4   [near pointer]
      _g_ChildTableClass22.p_executed_script
                                  00004626         4   [near pointer]
      _g_ChildTableClass22.p_type
                                  00004628         4   [near pointer]
      _g_ChildTableClass22.p_execution_time
                                  0000462a         4   [near pointer]
      _g_ChildTableClass22.nr_execution_time
                                  0000462c         1   unsigned char
    }
  _g_ChildTableLengthClass22
                                  0000462e         2   data ,g         1
  _g_Class23_device_addr
                                  00004630         2   data ,g         1
  _g_Class23_comm_speed
                                  00004632         1   data ,g         1
  _g_Class23_window_size_transmit
                                  00004633         1   data ,g         1
  _g_Class23_window_size_receive
                                  00004634         1   data ,g         1
  _g_Class23_max_info_field_length_transmit
                                  00004636         2   data ,g         1
  _g_Class23_max_info_field_length_receive
                                  00004638         2   data ,g         1
  _g_Class23_inter_octet_time_out
                                  0000463a         2   data ,g         1
  _g_Class23_inactivity_time_out
                                  0000463c         2   data ,g         1
  _g_ChildTableClass23
                                  0000463e        18   data ,g         1
    struct tag_class23_child_record_t {
                                                  18
      _g_ChildTableClass23.logical_name
                                  0000463e         6   unsigned char
      _g_ChildTableClass23.p_access_right
                                  00004644         4   [near pointer]
      _g_ChildTableClass23.p_comm_speed
                                  00004646         4   [near pointer]
      _g_ChildTableClass23.p_window_size_transmit
                                  00004648         4   [near pointer]
      _g_ChildTableClass23.p_window_size_receive
                                  0000464a         4   [near pointer]
      _g_ChildTableClass23.p_max_info_field_length_transmit
                                  0000464c         4   [near pointer]
      _g_ChildTableClass23.p_max_info_field_length_receive
                                  0000464e         4   [near pointer]
      _g_ChildTableClass23.p_inter_octet_time_out
                                  00004650         4   [near pointer]
      _g_ChildTableClass23.p_inactivity_time_out
                                  00004652         4   [near pointer]
      _g_ChildTableClass23.p_device_address
                                  00004654         4   [near pointer]
    }
  _g_ChildTableLengthClass23
                                  00004656         2   data ,g         1
  _g_Class64_obj0_master_key
                                  00004658        10   data ,g         1
  _g_Class64_obj1_master_key
                                  00004668        10   data ,g         1
  _g_ChildTableClass64
                                  00004678        38   data ,g         d
    struct tag_class64_child_record_t {
                                                  1c
      _g_ChildTableClass64.logical_name
                                  00004678         6   unsigned char
      _g_ChildTableClass64.p_access_right
                                  0000467e         4   [near pointer]
      _g_ChildTableClass64.p_security_policy
                                  00004680         4   [near pointer]
      _g_ChildTableClass64.p_security_suit
                                  00004682         4   [near pointer]
      _g_ChildTableClass64.p_client_title
                                  00004684         4   [near pointer]
      _g_ChildTableClass64.p_server_title
                                  00004686         4   [near pointer]
      _g_ChildTableClass64.p_master_key
                                  00004688         4   [near pointer]
      _g_ChildTableClass64.p_global_unicast_key
                                  0000468a         4   [near pointer]
      _g_ChildTableClass64.p_global_broadcast_key
                                  0000468c         4   [near pointer]
      _g_ChildTableClass64.p_dedicated_unicast_key
                                  0000468e         4   [near pointer]
      _g_ChildTableClass64.p_authentication_key
                                  00004690         4   [near pointer]
      _g_ChildTableClass64.p_frame_counter
                                  00004692         4   [near pointer]
    }
  _g_ChildTableLengthClass64
                                  000046b0         2   data ,g         2
FILE=Output\r_dlms_user_interface.obj
                                  000046b2  000046d1        20
  _g_DayOfWeek
                                  000046b2         7   data ,g         2
FILE=Output\r_dlms_obis.obj
                                  000046d2  00004cef       61e
  _g_MasterTable
                                  000046d2       5cc   data ,g        17
    struct tag_master_record_t {
                                                   e
      _g_MasterTable.class_version
                                  000046d2         1   unsigned char
      _g_MasterTable.number_attrs
                                  000046d3         1   unsigned char
      _g_MasterTable.number_methods
                                  000046d4         1   unsigned char
      _g_MasterTable.fp_distributor
                                  000046d6         4   [far pointer]
      _g_MasterTable.child_list_size
                                  000046da         4   [near pointer]
      _g_MasterTable.child_list_pointer
                                  000046dc         4   [near pointer]
      _g_MasterTable.child_item_size
                                  000046de         2   unsigned short
    }
  _g_TotalMasterTableElements
                                  00004c9e         2   data ,g         6
FILE=Output\r_dlms_obis_ic.obj
                                  00004cf0  00004ddd        ee
  _MaxReceivePduSize@5@R_OBIS_DistributeAssociationLNClass
                                  00004cf8         2   data ,l         2
  _MaxSendPduSize@6@R_OBIS_DistributeAssociationLNClass
                                  00004cfa         2   data ,l         2
FILE=Output\DLMS_User.obj
                                  00004dde  00004e17        3a
  _ServerPhysicalAddress
                                  00004dde         4   data ,g         1
  _DeviceAddress
                                  00004de2         7   data ,g         1
  _ManufacturerID
                                  00004de9         4   data ,g         1
  _ID
                                  00004ded         4   data ,g         1
  _UserServerConfig
                                  00004df2        26   data ,g         1
    struct  {
                                                  26
      _UserServerConfig.Channel_info
                                  00004df2         4   [near pointer]
      _UserServerConfig.SerialInit_FuncPtr
                                  00004df4         4   [far pointer]
      _UserServerConfig.SerialConfig_FuncPtr
                                  00004df8         4   [far pointer]
      _UserServerConfig.SerialTx_FuncPtr
                                  00004dfc         4   [far pointer]
      _UserServerConfig.Server_Buffer
                                  00004e00         4   [near pointer]
      _UserServerConfig.ServerPhysicalAddress
                                  00004e02         4   [near pointer]
      _UserServerConfig.DeviceAddress
                                  00004e04         4   [near pointer]
      _UserServerConfig.ManufacturerID
                                  00004e06         4   [near pointer]
      _UserServerConfig.ID
                                  00004e08         4   [near pointer]
      _UserServerConfig.Server_BufferSize
                                  00004e0a         2   unsigned short
      _UserServerConfig.Response_Timeout
                                  00004e0c         2   unsigned short
      _UserServerConfig.Inactivity_Timeout
                                  00004e0e         2   unsigned short
      _UserServerConfig.Interframe_Timeout
                                  00004e10         2   unsigned short
      _UserServerConfig.Channel_maxcount
                                  00004e12         1   unsigned char
      _UserServerConfig.AdressByteMode
                                  00004e13         1   unsigned char
      _UserServerConfig.IEC_BaudRate
                                  00004e14         1   unsigned char
      _UserServerConfig.HDLC_BaudRate
                                  00004e15         1   unsigned char
      _UserServerConfig.Windows_size
                                  00004e16         1   unsigned char
      _UserServerConfig.dummy
                                  00004e17         1   unsigned char
    }
FILE=Output\AppTampers.obj
                                  00004e18  00004e71        5a
  _dlmsEventCode
                                  00004e18        12   data ,g         3
  _EventCountIndex
                                  00004e2a         9   data ,g         8
  _EventLen
                                  00004e33         9   data ,g         b
  _startAdd
                                  00004e3c        12   data ,g         3
FILE=Output\AppNMTask.obj
                                  00004e72  00004e75         4
  _nmgbltotaldays
                                  00004e72         4   data ,g         3
FILE=Output\AppHarmonics.obj
                                  00004e76  00004ed3        5e
  _Sin50Hz
                                  00004e76        27   data ,g         1
  _Cos50Hz
                                  00004e9d        27   data ,g         1
  _Cos250Hz
                                  00004ec4         8   data ,g         1
  _Sin250Hz
                                  00004ecc         8   data ,g         1
FILE=Output\AppCustomerProtocol.obj
                                  00004ed4  00004ee4        11
  _FirmwareVersion
                                  00004ed4        11   data ,g         1
FILE=aes
                                  00004ee6  000051e4       2ff
  _sbox@4
                                  00004ee6       100   data ,l         1
  _rsbox@5
                                  00004fe6       100   data ,l         1
  _Rcon@6
                                  000050e6        ff   data ,l         1
FILE=DLMS_Wrapper
                                  000051e6  00005214        2f
  _DLMSVersion
                                  000051e6         7   data ,g         0
  _DLMSInfo
                                  000051ed        28   data ,g         0
FILE=rl78_sw_dc_correction_config
                                  00005216  00005229        14
  _g_dc_imunity_config_default_4k_50Hz
                                  00005216         a   data ,g         0
  _g_dc_imunity_config_default_2k_50Hz
                                  00005220         a   data ,g         1
    struct tag_dc_imunity_config_t {
                                                   a
      _g_dc_imunity_config_default_2k_50Hz.peak_detect_cycle
                                  00005220         2   unsigned short
      _g_dc_imunity_config_default_2k_50Hz.dc_continous_count
                                  00005222         2   unsigned short
      _g_dc_imunity_config_default_2k_50Hz.max_dc_count
                                  00005224         2   unsigned short
      _g_dc_imunity_config_default_2k_50Hz.dc_operation_max_sample_count
                                  00005226         2   unsigned short
      _g_dc_imunity_config_default_2k_50Hz.dc_operation_min_sample_count
                                  00005228         2   unsigned short
    }
FILE=fcs
                                  0000522a  00005429       200
  _fcstab
                                  0000522a       200   data ,g         2

SECTION=.text
FILE=Output\cstart.obj
                                  0000542a  00005483        5a
  _start
                                  0000542a         0   none ,g         0
  _exit
                                  00005482         0   none ,g         1
FILE=Output\d8bitTimer.obj
                                  00005484  000054c1        3e
  _Interrupt_16BIT_TIMER0@1
                                  00005484        27   func ,l         0
  _Interrupt_16BIT_TIMER1@1
                                  000054ab        17   func ,l         0
FILE=Output\dRtc.obj
                                  000054c2  000054d7        16
  _Interrupt_RTC_SECOND@1
                                  000054c2        16   func ,l         0
FILE=Output\di2c.obj
                                  000054d8  00005501        2a
  _r_iica0_interrupt@1
                                  000054d8        2a   func ,l         0
FILE=Output\dIOCtrl.obj
                                  00005502  00005527        26
  _Interrupt_mains_supply@1
                                  00005502         2   func ,l         0
  _Interrupt_Push_Button@1
                                  00005504        22   func ,l         0
  _Interrupt_Cover_Switch@1
                                  00005526         2   func ,l         0
FILE=Output\dUart.obj
                                  00005528  0000573d       216
  _UART0_Interrupt_Receive@1
                                  00005528       106   func ,l         0
  _UART0_Interrupt_Send@1
                                  0000562e         5   func ,l         0
  _UART2_Interrupt_Receive@1
                                  00005633       106   func ,l         0
  _UART2_Interrupt_Send@1
                                  00005739         5   func ,l         0
FILE=Output\d12bitTimer.obj
                                  0000573e  00005819        dc
  _Interrupt_12BIT_TIMER@1
                                  0000573e        dc   func ,l         0
FILE=Output\dDeltaSigmaADC.obj
                                  0000581a  00005d35       51c
  _Interrupt_DSAD@1
                                  0000581a       51c   func ,l         0
FILE=Output\dLVD.obj
                                  00005d36  00005d39         4
  _Interrupt_LVD@1
                                  00005d36         4   func ,l         0
FILE=Output\dOsd.obj
                                  00005d3a  00005d48         f
  _Interrupt_OSD@1
                                  00005d3a         f   func ,l         0

SECTION=.RLIB
FILE=memcpy
                                  00005d49  00005d59        11
  _memcpy
                                  00005d49         0   none ,g        1d
FILE=memset
                                  00005d5a  00005d67         e
  _memset
                                  00005d5a         0   none ,g         9
FILE=_COM_faddsub
                                  00005d68  00005ea2       13b
  __COM_fsub
                                  00005dc4         0   none ,g         6
  __COM_fadd
                                  00005dcc         0   none ,g        14
FILE=_COM_fdiv
                                  00005ea3  00005fd0       12e
  __COM_fdiv
                                  00005f02         0   none ,g         3
FILE=_COM_fmul
                                  00005fd1  000060bd        ed
  __COM_fmul
                                  0000601c         0   none ,g         f
FILE=_COM_ftosl
                                  000060be  000060c5         8
  __COM_ftosl
                                  000060be         0   none ,g         2
FILE=_COM_ftoul
                                  000060c6  000060d1         c
  __COM_ftoul
                                  000060c6         0   none ,g         9
FILE=_COM_llmul
                                  000060d2  0000611b        4a
  __COM_llmul
                                  000060d2         0   none ,g         7
  __REL_llmul_addh
                                  0000610a         0   none ,g         2
FILE=_COM_lshr
                                  0000611c  0000613c        21
  __COM_lshr
                                  00006126         0   none ,g         2
FILE=_COM_sidiv
                                  0000613d  0000615e        22
  __COM_sidiv
                                  0000613f         0   none ,g         1
FILE=_COM_sirem
                                  0000615f  0000617e        20
  __COM_sirem
                                  0000615f         0   none ,g         3
FILE=_COM_sldiv
                                  0000617f  000061cd        4f
  __COM_sldiv
                                  00006184         0   none ,g         8
FILE=_COM_slldiv
                                  000061ce  00006220        53
  __COM_slldiv
                                  000061ce         0   none ,g         2
FILE=_COM_sltof
                                  00006221  00006238        18
  __COM_sltof
                                  00006221         0   none ,g         1
FILE=_COM_ulldiv
                                  00006239  00006262        2a
  __COM_ulldiv
                                  00006239         0   none ,g         c
FILE=_COM_ulltof
                                  00006263  0000626e         c
  __COM_ulltof
                                  00006263         0   none ,g         8
FILE=_COM_ultof
                                  0000626f  00006274         6
  __COM_ultof
                                  0000626f         0   none ,g         3
FILE=_COM_fgt
                                  00006275  0000628a        16
  __COM_fgt
                                  00006275         0   none ,g         1
FILE=_COM_fle
                                  0000628b  000062a0        16
  __COM_fle
                                  0000628b         0   none ,g         1
FILE=_COM_fne
                                  000062a1  000062b1        11
  __COM_fne
                                  000062a1         0   none ,g         2
FILE=_COM_funordered
                                  000062b2  000062bc         b
  __COM_funordered
                                  000062b2         0   none ,g         2
FILE=_COM_lmul
                                  000062bd  000062d7        1b
  __COM_lmul
                                  000062bd         0   none ,g         2
FILE=_COM_mulul
                                  000062d8  00006334        5d
  __COM_mulul
                                  000062d8         0   none ,g         1
FILE=_REL_ftol
                                  00006335  00006369        35
  __REL_ftol
                                  00006335         0   none ,g         2
FILE=_REL_f_inf
                                  0000636a  00006371         8
  __REL_f_inf
                                  0000636a         0   none ,g         5
FILE=_REL_f_norm
                                  00006372  00006381        10
  __REL_f_norm
                                  00006372         0   none ,g         3
FILE=_REL_f_round
                                  00006382  00006394        13
  __REL_f_round
                                  00006382         0   none ,g         4
FILE=_REL_lldiv
                                  00006395  0000659b       207
  __REL_lldiv
                                  000063b1         0   none ,g         2
FILE=_REL_llrev
                                  0000659c  000065bb        20
  __REL_llrev
                                  0000659c         0   none ,g         3
FILE=_REL_lltof
                                  000065bc  00006618        5d
  __REL_lltof
                                  000065bc         0   none ,g         1
FILE=_REL_ltof
                                  00006619  00006662        4a
  __REL_ltof
                                  00006619         0   none ,g         2
FILE=_REL_ltosl
                                  00006663  00006687        25
  __REL_ltosl
                                  00006663         0   none ,g         1
FILE=_COM_feq
                                  00006688  0000669d        16
  __COM_feq
                                  00006688         0   none ,g         1
FILE=_COM_mului
                                  0000669e  000066a1         4
  __COM_mului
                                  0000669e         0   none ,g         4
FILE=_REL_fcmp
                                  000066a2  000066d9        38
  __REL_fcmp
                                  000066a2         0   none ,g         3
FILE=_REL_fordered_core
                                  000066da  000066f5        1c
  __REL_fordered_core
                                  000066da         0   none ,g         4
FILE=_REL_setexp_ll
                                  000066f6  0000673f        4a
  __REL_setexp_ll
                                  000066f6         0   none ,g         1

SECTION=.SLIB
FILE=acosf
                                  00006740  00006ae9       3aa
  __REL_poly_asinf_neg@1
                                  00006740       1ec   func ,l         1
  __CommonCode@4
                                  0000692c         c   func ,l         2
  __CommonCode@5
                                  00006938         9   func ,l         2
  __CommonCode@3
                                  00006941         c   func ,l         3
  __CommonCode@2
                                  0000694d         9   func ,l         2
  __CommonCode@1
                                  00006956         5   func ,l         3
  _acosf
                                  0000695b       180   func ,g         1
  __CommonCode@0
                                  00006adb         f   func ,l         2
FILE=fabsf
                                  00006aea  00006b02        19
  _fabsf
                                  00006aea         0   none ,g         2
FILE=memcmp
                                  00006b03  00006b14        12
  _memcmp
                                  00006b03         0   none ,g         1
FILE=sqrtf
                                  00006b15  00006d3a       226
  _sqrtf
                                  00006b15       1fa   func ,g         b
  __CommonCode@2
                                  00006d0f         1   func ,l         2
  __CommonCode@3
                                  00006d10         4   func ,l         3
  __CommonCode@1
                                  00006d14         9   func ,l         2
  __CommonCode@0
                                  00006d1d        1e   func ,l         3
FILE=strlen
                                  00006d3b  00006d45         b
  _strlen
                                  00006d3b         0   none ,g        13
FILE=_REL_asincosfsub
                                  00006d46  00006ea8       163
  __REL_poly_acosf
                                  00006d46        6f   func ,g         1
  __CommonCode@0
                                  00006db5         e   func ,l         2
  __CommonCode@3
                                  00006dc3         5   func ,l         4
  __CommonCode@2
                                  00006dc8        9a   func ,l         2
  __CommonCode@5
                                  00006e62         5   func ,l         3
  __CommonCode@4
                                  00006e67         c   func ,l         3
  __CommonCode@1
                                  00006e73         9   func ,l         2
  __REL_poly_acosf_neg
                                  00006e7c        2d   func ,g         1
FILE=_REL_nanf_value
                                  00006ea9  00006ead         5
  __REL_nanf_value
                                  00006ea9         5   func ,g         1

SECTION=.textf
FILE=Output\dMisc.obj
                                  00006eae  00006f05        58
  _NOP_CYCLES
                                  00006eae        12   func ,g         1
  _MCU_Delay
                                  00006ec0        46   func ,g         d
FILE=Output\hdwinit.obj
                                  00006f06  00006f06         1
  _hdwinit
                                  00006f06         0   none ,g         1
FILE=Output\stkinit.obj
                                  00006f07  00006f4a        44
  _stkinit
                                  00006f07         0   none ,g         1
  LSTINIT1
                                  00006f15         0   none ,l         1
  LSTINIT2
                                  00006f3f         0   none ,l         2
  LSTINIT3
                                  00006f4a         0   none ,l         2
FILE=Output\main.obj
                                  00006f4b  000071a2       258
  _main
                                  00006f4b       242   func ,g         1
  _prepareLowPower
                                  0000718d        16   func ,g         1
FILE=Output\dDisplay.obj
                                  000071a3  00007272        d0
  _init_Lcd
                                  000071a3        76   func ,g         1
  _R_LCD_Start
                                  00007219         4   func ,g         1
  _R_LCD_Stop
                                  0000721d         4   func ,g         0
  _R_LCD_Set_VoltageOn
                                  00007221        33   func ,g         1
  _R_LCD_Set_VoltageOff
                                  00007254         e   func ,g         0
  _R_LCD_PowerOff
                                  00007262         a   func ,g         3
  _R_LCD_PowerOn
                                  0000726c         7   func ,g         5
FILE=Output\AppDisplay.obj
                                  00007273  00008737      14c5
  _Display
                                  00007273       cf7   func ,g        10
  _Clear_Lcd
                                  00007f6a        24   func ,g         2
  _PushButton
                                  00007f8e        1f   func ,g         1
  _setParaBuff
                                  00007fad        42   func ,g        12
  _setParamIndex
                                  00007fef        4e   func ,g        1a
  _CheckParaTimeOut
                                  0000803d       113   func ,g         1
  _setNextParaSeq
                                  00008150       180   func ,g         4
  _getParamTime
                                  000082d0        14   func ,g         1
  _getParaCount
                                  000082e4         8   func ,g         2
  _getMeterSerial
                                  000082ec       169   func ,g         6
  _getMeterKitID
                                  00008455        64   func ,g         2
  _getConfiguredDP
                                  000084b9        75   func ,g         4
  _copyDPfromFlash2Ram
                                  0000852e        75   func ,g         2
  _validatelcdRAMBuff
                                  000085a3        15   func ,g         2
  _configDisplayPara
                                  000085b8        c4   func ,g         1
  _readConfiguredDP2Send
                                  0000867c        4d   func ,g         1
  _ResetConfigDP
                                  000086c9        2d   func ,g         1
  _moveback
                                  000086f6        42   func ,g         2
FILE=Output\dClock.obj
                                  00008738  000087aa        73
  _setClock
                                  00008738        73   func ,g         1
FILE=Output\AppPowerOnInit.obj
                                  000087ab  00008cea       540
  _init_poweron
                                  000087ab        84   func ,g         1
  _init_device_hw
                                  0000882f        73   func ,g         1
  _init_app_data
                                  000088a2       2b1   func ,g         1
  _getTODEnergy@1
                                  00008b53        97   func ,l         4
  _UpdateEnergy@1
                                  00008bea        71   func ,l         2
  _noResetInit
                                  00008c5b        49   func ,g         1
  _CheckCurrentLimitNm
                                  00008ca4        47   func ,g         2
FILE=Output\d8bitTimer.obj
                                  00008ceb  00008e72       188
  _init_Timer8bit0
                                  00008ceb        1a   func ,g         1
  _init_Timer8bit1
                                  00008d05        18   func ,g         3
  _start_Timer8bit0
                                  00008d1d        26   func ,g         b
  _start_Timer8bit1
                                  00008d43        25   func ,g         2
  _stop_Timer8bit0
                                  00008d68        26   func ,g         2
  _stop_Timer8bit1
                                  00008d8e        26   func ,g         2
  _updatePulse
                                  00008db4        bf   func ,g         1
FILE=Output\dRtc.obj
                                  00008e73  0000944b       5d9
  _init_Rtc
                                  00008e73       134   func ,g         3
  _start_RTC_Second_Interrupt
                                  00008fa7         4   func ,g         1
  _stop_RTC_Second_Interrupt
                                  00008fab         4   func ,g         1
  _getRtcCounter
                                  00008faf       1e7   func ,g         d
  _Rtc_SetCounterValue
                                  00009196       17d   func ,g         4
  _setRTCOut
                                  00009313        12   func ,g         0
  _reEnable32KCrystal
                                  00009325        44   func ,g         3
  _validateRCR1
                                  00009369        35   func ,g         2
  _validateRCR2
                                  0000939e        ae   func ,g         2
FILE=Output\AppMisc.obj
                                  0000944c  00009f41       af6
  _ConvertTimeCounterToTime
                                  0000944c       2f7   func ,g        24
  _ConvertTimeToTimeCounter
                                  00009743       1fb   func ,g         8
  _Crc_Cal
                                  0000993e        69   func ,g        17
  _SaveEEPROM
                                  000099a7       103   func ,g        17
  _makeByte
                                  00009aaa        49   func ,g        21
  _getByteValue
                                  00009af3        62   func ,g        22
  _isPowerfailLog
                                  00009b55        6e   func ,g         2
  _powerfailLogging
                                  00009bc3        3d   func ,g         2
  _isRAMOK
                                  00009c00        55   func ,g         9
  _updateMDInterval
                                  00009c55        ee   func ,g         4
  _getSetPfailData
                                  00009d43        5c   func ,g         6
  _fillComBufferZero
                                  00009d9f        1b   func ,g         4
  _getSelftDgFeature
                                  00009dba        54   func ,g         2
  _Dec_Ascii
                                  00009e0e        81   func ,g        5a
  _getCustomDateTimeASCIIFormat
                                  00009e8f        b3   func ,g         3
FILE=Output\di2c.obj
                                  00009f42  0000a499       558
  _init_I2c
                                  00009f42        90   func ,g         1
  _read_eeprom
                                  00009fd2       101   func ,g        50
  _write_eeprom
                                  0000a0d3       112   func ,g        30
  _iica0_masterhandler@1
                                  0000a1e5       108   func ,l         1
  _i2c_Send@1
                                  0000a2ed        9e   func ,l         3
  _dywait
                                  0000a38b        23   func ,g         0
  _memTest
                                  0000a3ae        ec   func ,g         2
FILE=Output\dIOCtrl.obj
                                  0000a49a  0000a548        af
  _R_PORT_Create
                                  0000a49a        11   func ,g         1
  _init_Ports
                                  0000a4ab        93   func ,g         2
  _freePinshandler
                                  0000a53e         b   func ,g         2
FILE=Output\dUart.obj
                                  0000a549  0000a7c2       27a
  _init_Uart0
                                  0000a549        16   func ,g         3
  _R_UART0_Create
                                  0000a55f        86   func ,g         1
  _Uart0_Start
                                  0000a5e5        2b   func ,g         2
  _Uart0_Stop
                                  0000a610        28   func ,g         2
  _Meter_Response
                                  0000a638        44   func ,g         3
  _init_Uart2
                                  0000a67c        16   func ,g         3
  _R_UART2_Create
                                  0000a692        89   func ,g         1
  _Uart2_Start
                                  0000a71b        28   func ,g         2
  _Uart2_Stop
                                  0000a743        3c   func ,g         2
  _Meter2_Response
                                  0000a77f        44   func ,g         3
FILE=Output\d12bitTimer.obj
                                  0000a7c3  0000a827        65
  _init_Timer12bit
                                  0000a7c3        2a   func ,g         4
  _ClearPulseAccumulation
                                  0000a7ed        1a   func ,g         0
  _setPulse
                                  0000a807        21   func ,g         2
FILE=Output\dDeltaSigmaADC.obj
                                  0000a828  0000bdad      1586
  _R_ADC_Stop
                                  0000a828        12   func ,g         2
  _init_DeltaSigmaADC
                                  0000a83a        68   func ,g         2
  _Start_DeltaSigmaADC@1
                                  0000a8a2        69   func ,l         1
  _DeltaSigmaADC_Stop
                                  0000a90b        12   func ,g         0
  _DeltaSigmaADC_AdjustPhaseDelay
                                  0000a91d        51   func ,g         5
  _ClearADCData
                                  0000a96e        47   func ,g         2
  _doMeasurement
                                  0000a9b5       5aa   func ,g         2
  _Calculate_Line_Frq
                                  0000af5f       1cf   func ,g         2
  _doMeasurement_NM
                                  0000b12e       313   func ,g         4
  _doDeltaSigmaADC_NM@1
                                  0000b441       7ee   func ,l        17
  _logNMinfo@1
                                  0000bc2f        26   func ,l         3
  _addCTCompensation
                                  0000bc55        5d   func ,g         1
  _adjCTPowerNew
                                  0000bcb2        c4   func ,g         2
  _checkApparentwithActive@1
                                  0000bd76        1f   func ,l         2
  _setPulseCounterPower@1
                                  0000bd95        19   func ,l         3
FILE=Output\AppOneSecondTask.obj
                                  0000bdae  0000c2b7       50a
  _OneSecondTask
                                  0000bdae       50a   func ,g         2
FILE=Output\AppBilling.obj
                                  0000c2b8  0000c73d       486
  _CheckBillingOver
                                  0000c2b8       1e9   func ,g         4
  _GetBillLoc
                                  0000c4a1        45   func ,g         e
  _GetLastBillLoc
                                  0000c4e6        4c   func ,g         0
  _doBilling
                                  0000c532        11   func ,g         0
  _getLastBillnumber
                                  0000c543        29   func ,g         0
  _getAvgPf
                                  0000c56c        a1   func ,g         3
  _initPowerOnDuration
                                  0000c60d         1   func ,g         0
  _getNextBillingDate
                                  0000c60e        c2   func ,g         6
  _ClearBillMD
                                  0000c6d0        4c   func ,g         0
  _getAutoBillDay
                                  0000c71c        22   func ,g         6
FILE=Output\AppMD.obj
                                  0000c73e  0000cacc       38f
  _Compute_MD
                                  0000c73e       38f   func ,g         6
FILE=Output\AppScheduleAction.obj
                                  0000cacd  0000cb86        ba
  _doCalanderAction
                                  0000cacd        6d   func ,g         2
  _doBillSingleAction
                                  0000cb3a        4d   func ,g         2
FILE=Output\AppTod.obj
                                  0000cb87  0000cf61       3db
  _TodBilling
                                  0000cb87        6d   func ,g         1
  _getCurrentSeason
                                  0000cbf4        d2   func ,g         2
  _isZoneChanged
                                  0000ccc6        2b   func ,g         0
  _getCurrentZoneNo
                                  0000ccf1       112   func ,g         4
  _GetTODBillLoc
                                  0000ce03        4c   func ,g         0
  _getMaxZoneNo
                                  0000ce4f        2c   func ,g         2
  _getMaxSeasonNo
                                  0000ce7b        22   func ,g         1
  _getTODConsumption
                                  0000ce9d        80   func ,g         2
  _GetTODLatestBillLoc
                                  0000cf1d        45   func ,g         1
FILE=Output\AppBlockDailyLS.obj
                                  0000cf62  0000d6dd       77c
  _Load_Survey
                                  0000cf62       1fd   func ,g         1
  _GetLsLoadLoc
                                  0000d15f        8d   func ,g         3
  _GetDailyLoc
                                  0000d1ec        46   func ,g         1
  _doLs
                                  0000d232        e6   func ,g         2
  _getLsEntries
                                  0000d318        65   func ,g         6
  _ClearLsData
                                  0000d37d        d7   func ,g         1
  _getByRange
                                  0000d454       201   func ,g         0
  _logDaily00hhEnergy
                                  0000d655        89   func ,g         2
FILE=Output\AppCalibration.obj
                                  0000d6de  0000d9ac       2cf
  _doCalibration
                                  0000d6de       1b7   func ,g         4
  _getPhaseDelay@1
                                  0000d895        b0   func ,l         2
  _getRLCalib
                                  0000d945        68   func ,g         1
FILE=Output\AppCommunication.obj
                                  0000d9ad  0000f4b2      1b06
  _Communication
                                  0000d9ad        55   func ,g         3
  _Write_Command
                                  0000da02      16b8   func ,g         1
  _addHeaderFooterAndSend@1
                                  0000f0ba        43   func ,l         2
  _ClearEEpromMemory@1
                                  0000f0fd       190   func ,l         2
  _getSerialCrc
                                  0000f28d        3c   func ,g         2
  _getSPOTBill
                                  0000f2c9       15b   func ,g         1
  _getPower2Cal@1
                                  0000f424        8f   func ,l         2
FILE=Output\AppIntervalkWh.obj
                                  0000f4b3  0000f96f       4bd
  _savekWh
                                  0000f4b3        55   func ,g         2
  _readIntervalkWh
                                  0000f508       460   func ,g         1
  _getInterval
                                  0000f968         8   func ,g         0
FILE=Output\r_dlms_data.obj
                                  0000f970  000109c2      1053
  _R_OBIS_ActionObjectMethod
                                  0000f970       2ba   func ,g         1
  _R_OBIS_GetObjectAttr
                                  0000fc2a       9b9   func ,g         1
  _R_OBIS_SetObjectAttr
                                  000105e3       207   func ,g         1
  _R_OBIS_DataAsyncServiceRestart
                                  000107ea        4d   func ,g         1
  _R_OBIS_BufferBlockGet
                                  00010837        a8   func ,g         0
  _R_OBIS_BufferBlockSet
                                  000108df        a8   func ,g         0
  _R_OBIS_BufferScanByUserFunc
                                  00010987        1c   func ,g         1
  _R_OBIS_BufferFilterByUserFunc
                                  000109a3        20   func ,g         1
FILE=Output\r_dlms_data_hls.obj
                                  000109c3  000109e4        22
  _R_OBIS_Aes_Ecbenc
[...]
                                          0084(0001da69:.textf)
                                          0084(0001da7d:.textf)
                                          0084(0001daa5:.textf)
                                          0084(0001dadb:.textf)
                                          0084(0001daef:.textf)
                                          0084(0001dc46:.textf)
                                          0084(0001dc8c:.textf)
                                          0084(0001dce4:.textf)
                                          0084(0001dd15:.textf)
                                          0084(0001dd97:.textf)
                                          0084(0001dda6:.textf)
                                          0084(0001dde8:.textf)
                                          0084(0001de23:.textf)
                                          0084(0001df21:.textf)
                                          0084(0001df65:.textf)
                                          0084(0001e053:.textf)
                                          0084(0001e1b9:.textf)
                                          0084(0001e1c7:.textf)
                                          0084(0001e205:.textf)
                                          0084(0001e213:.textf)
                                          0088(0001eb78:.textf)
                                          0088(0001ebb9:.textf)
                                          0089(0001ebec:.textf)
                                          0109(0001f058:.textf)
                                          0109(0001f07e:.textf)
                                          0109(0001f173:.textf)
                                          0110(0001f194:.textf)
     SECTION=.bss
                 _HDLC_FrameOutput
                                 000ff25a 0085(0001e5c9:.textf)
                                          0085(0001e5d2:.textf)
                                          0085(0001e5d5:.textf)
                                          0085(0001e5db:.textf)
                                          0085(0001e5e1:.textf)
                                          0085(0001e5ed:.textf)
                                          0085(0001e605:.textf)
                                          0085(0001e610:.textf)
                                          0085(0001e638:.textf)
                                          0085(0001e63c:.textf)
                                          0085(0001e643:.textf)
                                          0085(0001e646:.textf)
                                          0085(0001e705:.textf)
                                          0085(0001e711:.textf)
                                          0085(0001e767:.textf)
                                          0085(0001e773:.textf)
                                          0085(0001e77c:.textf)
                                          0085(0001e7d1:.textf)
                                          0085(0001e819:.textf)
                                          0085(0001e833:.textf)
                                          0085(0001e855:.textf)
                                          0085(0001e8a8:.textf)
                 _FRMR_Response
                                 000ff268 0085(0001e475:.textf)
                                          0085(0001e478:.textf)
                                          0085(0001e4ba:.textf)
                                          0085(0001e4bd:.textf)
                                          0110(0001f191:.textf)
0086 Datalink_Timeout
     SECTION=.textf
                 _DataLinkTimeoutInit
                                 0001e8b9 0085(0001e259:.textf)
                 _DataLinkTimeoutCount
                                 0001e8f9 0087(0001eac8:.textf)
                 _DataLinkTimeoutResponseSTART
                                 0001e9e2
                 _DataLinkTimeoutResponseRESET
                                 0001e9f1 0086(0001e8ec:.textf)
                 _DataLinkTimeoutResponseSTOP
                                 0001e9f9 0086(0001e8dd:.textf)
                 _DataLinkTimeoutInterFrameSTART
                                 0001e9ff 0085(0001e287:.textf)
                 _DataLinkTimeoutInterFrameRESET
                                 0001ea0e 0085(0001e26c:.textf)
                                          0085(0001e2f5:.textf)
                                          0086(0001e8f7:.textf)
                                          0086(0001e980:.textf)
                                          0086(0001e9c3:.textf)
                 _DataLinkTimeoutInterFrameSTOP
                                 0001ea16 0085(0001e2fb:.textf)
                                          0086(0001e8e7:.textf)
                                          0086(0001ea4f:.textf)
                 _DataLinkTimeoutInactivitySTART
                                 0001ea1c 0054(0001beeb:.textf)
                                          0085(0001e320:.textf)
                                          0085(0001e6ca:.textf)
                                          0085(0001e73b:.textf)
                 _DataLinkTimeoutInactivityRESET
                                 0001ea2b 0054(0001bee3:.textf)
                                          0085(0001e272:.textf)
                                          0085(0001e318:.textf)
                                          0086(0001e8f1:.textf)
                                          0086(0001e979:.textf)
                 _DataLinkTimeoutInactivitySTOP
                                 0001ea33 0085(0001e28d:.textf)
                                          0086(0001e8e2:.textf)
                                          0086(0001e987:.textf)
0087 Physical_Layer
     SECTION=.textf
                 _PhysicalInit
                                 0001ea70 0059(0001d5fe:.textf)
                 _PhysicalReset
                                 0001ea86 0059(0001d426:.textf)
                                          0087(0001ea82:.textf)
                 _PhysicalReceiveCallback
                                 0001ea9b
                 _PhysicalSend
                                 0001ea9f 0085(0001e724:.textf)
                                          0085(0001e78f:.textf)
                                          0085(0001e861:.textf)
                 _PhysicalSendEndCallback
                                 0001eac3
                 _PhysicalTimeoutCount
                                 0001eac7
                 _PhysicalLayerChangeBaudRate
                                 0001eacb 0087(0001ea93:.textf)
                 _PhysicalLayerConfigProtocol
                                 0001eada 0087(0001ea9a:.textf)
0088 ActionService
     SECTION=.textf
                 _ResetActionAsyncService
                                 0001eafc
                 _DecodeActionRequestNormal
                                 0001eafd 0055(0001c20f:.textf)
                 _DecodeActionRequestNextPBlk
                                 0001eb4f 0055(0001c216:.textf)
                 _DecodeActionRequestWithList
                                 0001eb50 0055(0001c21d:.textf)
                 _DecodeActionRequestWithFirstBlk
                                 0001eb51 0055(0001c224:.textf)
                 _DecodeActionRequestListFirstBlk
                                 0001eb52 0055(0001c22b:.textf)
                 _DecodeActionRequestWithPBlk
                                 0001eb53 0055(0001c232:.textf)
                 _DecodeActionRequestFail
                                 0001eb54 0055(0001c208:.textf)
                 _EncodeActionResponseNormal
                                 0001eb55 0055(0001c282:.textf)
                 _EncodeActionResponseWithPBlk
                                 0001ebb0 0055(0001c26d:.textf)
                 _EncodeActionResponseNextPBlk
                                 0001ebb2 0055(0001c27b:.textf)
                 _EncodeActionResponseWithList
                                 0001ebb4 0055(0001c274:.textf)
                 _EncodeActionResponseFail
                                 0001ebb6 0055(0001c266:.textf)
     SECTION=.bss
                 _Action_Req_Normal
                                 000ff26c 0088(0001eb01:.textf)
                                          0088(0001eb10:.textf)
                                          0088(0001eb29:.textf)
                                          0088(0001eb45:.textf)
                 _ActionResponseNormal
                                 000ff27a 0088(0001eb2c:.textf)
                                          0088(0001eb4a:.textf)
                                          0088(0001eb69:.textf)
                                          0088(0001eb75:.textf)
                 _Action_Data_Pointer
                                 000ff27e 0088(0001eb5c:.textf)
                                          0088(0001eb7c:.textf)
                                          0088(0001eb97:.textf)
0089 EventService
     SECTION=.textf
                 _EncodeEventNotificationRequest
                                 0001ebbf 0055(0001c2c4:.textf)
0090 errno
     SECTION=.dataR
                 _errno
                                 000fe2b6 0062(0000699a:.SLIB)
                                          0063(00006aff:.SLIB)
                                          0065(00006b7a:.SLIB)
                                          0065(00006b82:.SLIB)
     SECTION=.data
0091 _REL_asincosfsub
     SECTION=.SLIB
                 __REL_poly_acosf
                                 00006d46 0062(00006a9c:.SLIB)
                 __REL_poly_acosf_neg
                                 00006e7c 0062(00006ad6:.SLIB)
     SECTION=.constf
                 ___asincosf_const_tbl
                                 0001f1fc 0062(000069ae:.SLIB)
                                          0062(000069b1:.SLIB)
                                          0062(000069b7:.SLIB)
                                          0062(000069bd:.SLIB)
                                          0062(000069c3:.SLIB)
                 ___asinf_coeff
                                 0001f204 0062(00006a24:.SLIB)
                                          0062(00006a27:.SLIB)
0092 _REL_nanf_value
     SECTION=.SLIB
                 __REL_nanf_value
                                 00006ea9 0062(0000699d:.SLIB)
0093 _COM_fgt
     SECTION=.RLIB
                 __COM_fgt
                                 00006275 0062(000069e7:.SLIB)
0094 _COM_fle
     SECTION=.RLIB
                 __COM_fle
                                 0000628b 0062(00006a80:.SLIB)
0095 _COM_fne
     SECTION=.RLIB
                 __COM_fne
                                 000062a1 0062(00006974:.SLIB)
                                          0062(0000698a:.SLIB)
0096 _COM_funordered
     SECTION=.RLIB
                 __COM_funordered
                                 000062b2 0062(000069d2:.SLIB)
                                          0062(00006a70:.SLIB)
0097 _COM_lmul
     SECTION=.RLIB
                 __COM_lmul
                                 000062bd 0074(000060eb:.RLIB)
                                          0074(00006100:.RLIB)
0098 _COM_mulul
     SECTION=.RLIB
                 __COM_mulul
                                 000062d8 0074(000060e2:.RLIB)
0099 _REL_ftol
     SECTION=.RLIB
                 __REL_ftol
                                 00006335 0072(000060bf:.RLIB)
                                          0073(000060cc:.RLIB)
0100 _REL_f_inf
     SECTION=.RLIB
                 __REL_f_inf
                                 0000636a 0069(00005e5b:.RLIB)
                                          0070(00005eec:.RLIB)
                                          0070(00005f8c:.RLIB)
                                          0071(00005fee:.RLIB)
                                          0071(00006091:.RLIB)
0101 _REL_f_norm
     SECTION=.RLIB
                 __REL_f_norm
                                 00006372 0070(00005ecd:.RLIB)
                                          0070(00005ef8:.RLIB)
                                          0071(0000600f:.RLIB)
0102 _REL_f_round
     SECTION=.RLIB
                 __REL_f_round
                                 00006382 0069(00005e68:.RLIB)
                                          0069(00005ea0:.RLIB)
                                          0070(00005fce:.RLIB)
                                          0071(0000609e:.RLIB)
0103 _REL_lldiv
     SECTION=.RLIB
                 __REL_lldiv
                                 000063b1 0079(00006215:.RLIB)
                                          0081(00006260:.RLIB)
0104 _REL_llrev
     SECTION=.RLIB
                 __REL_llrev
                                 0000659c 0079(000061fa:.RLIB)
                                          0079(0000620a:.RLIB)
                                          0079(0000621d:.RLIB)
0105 _REL_lltof
     SECTION=.RLIB
                 __REL_lltof
                                 000065bc 0082(0000626c:.RLIB)
0106 _REL_ltof
     SECTION=.RLIB
                 __REL_ltof
                                 00006619 0080(00006236:.RLIB)
                                          0083(00006272:.RLIB)
0107 _REL_ltosl
     SECTION=.RLIB
                 __REL_ltosl
                                 00006663 0072(000060c3:.RLIB)
0108 SNRM_UA
     SECTION=.textf
                 _DataLinkSNRMdecode
                                 0001ebfb 0085(0001e6e2:.textf)
                 _DataLinkUAencode
                                 0001ed0e 0085(0001e708:.textf)
                                          0085(0001e76a:.textf)
                 _DataLinkDMencode
                                 0001ee30 0085(0001e776:.textf)
0109 IFRAME
     SECTION=.textf
                 _DataLinkSegmentClear
                                 0001ee45 0085(0001e24c:.textf)
                                          0109(0001ef28:.textf)
                 _DataLinkIFrameDecode
                                 0001ee6f 0085(0001e7b6:.textf)
                 _IFrameDataDecode
                                 0001ef4a 0109(0001ef0d:.textf)
                 _DataLinkIFrameEncode
                                 0001efc3 0085(0001e7d4:.textf)
                 _IFrameDataEncode
                                 0001f09b 0109(0001efdd:.textf)
                 _DataLinkRRDecode
                                 0001f0f9 0085(0001e801:.textf)
                 _DataLinkRREncode
                                 0001f123 0085(0001e81c:.textf)
0110 FRMR
     SECTION=.textf
                 _DataLinkFRMRencode
                                 0001f177 0085(0001e836:.textf)
0111 fcs
     SECTION=.const
                 _fcstab
                                 0000522a 0111(0001f1cd:.textf)
                                          0111(0001f1d9:.textf)
     SECTION=.textf
                 _CalcFcs
                                 0001f1a3 0085(0001e897:.textf)
                                          0085(0001e8af:.textf)
     SECTION=.bss
                 _current
                                 000ff280 0111(0001f1af:.textf)
                                          0111(0001f1e8:.textf)
                                          0111(0001f1f7:.textf)
                 _test
                                 000ff282 0111(0001f1a8:.textf)
                 _test2
                                 000ff284 0111(0001f1c4:.textf)
                 _test3
                                 000ff286 0111(0001f1d0:.textf)
0112 _COM_feq
     SECTION=.RLIB
                 __COM_feq
                                 00006688 0095(000062aa:.RLIB)
0113 _COM_mului
     SECTION=.RLIB
                 __COM_mului
                                 0000669e 0098(000062de:.RLIB)
                                          0098(000062ed:.RLIB)
                                          0098(00006303:.RLIB)
                                          0098(00006320:.RLIB)
0114 _REL_fcmp
     SECTION=.RLIB
                 __REL_fcmp
                                 000066a2 0093(0000627f:.RLIB)
                                          0094(00006295:.RLIB)
                                          0112(00006692:.RLIB)
0115 _REL_fordered_core
     SECTION=.RLIB
                 __REL_fordered_core
                                 000066da 0093(00006278:.RLIB)
                                          0094(0000628e:.RLIB)
                                          0096(000062b5:.RLIB)
                                          0112(0000668b:.RLIB)
0116 _REL_setexp_ll
     SECTION=.RLIB
                 __REL_setexp_ll
                                 000066f6 0105(000065d2:.RLIB)
0117 rlink_generates_01
     SECTION=.option_byte
0118 rlink_generates_02
     SECTION=.monitor1
     SECTION=.monitor2
0119 rlink_generates_03
     SECTION=.security_id
0120 rlink_generates_04
     SECTION=.vect
0121 rlink_generates_05
     SECTION=
                 __s.vect
                                 00000000
                 __e.vect
                                 00000080
                 __s.option_byte
                                 000000c0
                 __e.option_byte
                                 000000c4
                 __s.security_id
                                 000000c4
                 __s.monitor1
                                 000000ce
                 __e.security_id
                                 000000ce
                 __e.monitor1
                                 000000d8
                 __sDEFAULT_SET_AT400
                                 00000400
                 __eDEFAULT_SET_AT400
                                 00000536
                 __sBOOT_VTABLE_AT1000
                                 00001000
                 __s.const
                                 00003000
                 __eBOOT_VTABLE_AT1000
                                 00003000
                 __s.text
                                 0000542a
                 __e.const
                                 0000542a
                 __e.text
                                 00005d49
                 __s.RLIB
                                 00005d49
                 __e.RLIB
                                 00006740
                 __s.SLIB
                                 00006740
                 __s.textf
                                 00006eae
                 __e.SLIB
                                 00006eae
                 __e.textf
                                 0001f1fc
                 __s.constf
                                 0001f1fc
                 __e.constf
                                 0001f23c
                 __s.data
                                 0001f23c
                 __e.data
                                 0001f5f4
                 __s.sdata
                                 0001f5f4
                 __e.sdata
                                 0001f5f4
                 __s.monitor2
                                 0001fe00
                 __e.monitor2
                                 00020000
                 __s.dataR
                                 000fdf00
                 __RAM_ADDR_START
                                 000fdf00
                 __s.bss
                                 000fe2b8
                 __e.dataR
                                 000fe2b8
                 __e.bss
                                 000ff288
                 __STACK_ADDR_END
                                 000ff288 0002(0000542f:.text)
                 __s.sbss
                                 000ffe20
                 __e.sbss
                                 000ffe20
                 __s.sdataR
                                 000ffe20
                 __e.sdataR
                                 000ffe20
                 __STACK_ADDR_START
                                 000ffe20 0002(0000542c:.text)
                 __RAM_ADDR_END
                                 000ffee0
